Component: ARM Compiler 5.06 update 7 (build 960) Tool: armlink [4d3601]

==============================================================================

Section Cross References

    startup_stm32f103xe.o(STACK) refers (Special) to heapauxi.o(.text) for __use_two_region_memory
    startup_stm32f103xe.o(HEAP) refers (Special) to heapauxi.o(.text) for __use_two_region_memory
    startup_stm32f103xe.o(RESET) refers (Special) to heapauxi.o(.text) for __use_two_region_memory
    startup_stm32f103xe.o(RESET) refers to startup_stm32f103xe.o(STACK) for __initial_sp
    startup_stm32f103xe.o(RESET) refers to startup_stm32f103xe.o(.text) for Reset_Handler
    startup_stm32f103xe.o(RESET) refers to stm32f1xx_it.o(i.NMI_Handler) for NMI_Handler
    startup_stm32f103xe.o(RESET) refers to stm32f1xx_it.o(i.HardFault_Handler) for HardFault_Handler
    startup_stm32f103xe.o(RESET) refers to stm32f1xx_it.o(i.MemManage_Handler) for MemManage_Handler
    startup_stm32f103xe.o(RESET) refers to stm32f1xx_it.o(i.BusFault_Handler) for BusFault_Handler
    startup_stm32f103xe.o(RESET) refers to stm32f1xx_it.o(i.UsageFault_Handler) for UsageFault_Handler
    startup_stm32f103xe.o(RESET) refers to stm32f1xx_it.o(i.SVC_Handler) for SVC_Handler
    startup_stm32f103xe.o(RESET) refers to stm32f1xx_it.o(i.DebugMon_Handler) for DebugMon_Handler
    startup_stm32f103xe.o(RESET) refers to stm32f1xx_it.o(i.PendSV_Handler) for PendSV_Handler
    startup_stm32f103xe.o(RESET) refers to stm32f1xx_it.o(i.SysTick_Handler) for SysTick_Handler
    startup_stm32f103xe.o(RESET) refers to stm32f1xx_it.o(i.EXTI4_IRQHandler) for EXTI4_IRQHandler
    startup_stm32f103xe.o(RESET) refers to stm32f1xx_it.o(i.EXTI9_5_IRQHandler) for EXTI9_5_IRQHandler
    startup_stm32f103xe.o(RESET) refers to stm32f1xx_it.o(i.TIM4_IRQHandler) for TIM4_IRQHandler
    startup_stm32f103xe.o(RESET) refers to stm32f1xx_it.o(i.USART1_IRQHandler) for USART1_IRQHandler
    startup_stm32f103xe.o(RESET) refers to stm32f1xx_it.o(i.TIM5_IRQHandler) for TIM5_IRQHandler
    startup_stm32f103xe.o(.text) refers (Special) to heapauxi.o(.text) for __use_two_region_memory
    startup_stm32f103xe.o(.text) refers to system_stm32f1xx.o(i.SystemInit) for SystemInit
    startup_stm32f103xe.o(.text) refers to __main.o(!!!main) for __main
    startup_stm32f103xe.o(.text) refers to startup_stm32f103xe.o(HEAP) for Heap_Mem
    startup_stm32f103xe.o(.text) refers to startup_stm32f103xe.o(STACK) for Stack_Mem
    main.o(i.HAL_GPIO_EXTI_Callback) refers to stm32f1xx_hal_gpio.o(i.HAL_GPIO_ReadPin) for HAL_GPIO_ReadPin
    main.o(i.HAL_GPIO_EXTI_Callback) refers to main.o(.data) for .data
    main.o(i.HAL_TIM_PeriodElapsedCallback) refers to _printf_percent.o(.ARM.Collect$$_printf_percent$$00000000) for _printf_percent
    main.o(i.HAL_TIM_PeriodElapsedCallback) refers to _printf_f.o(.ARM.Collect$$_printf_percent$$00000003) for _printf_f
    main.o(i.HAL_TIM_PeriodElapsedCallback) refers to printf1.o(x$fpl$printf1) for _printf_fp_dec
    main.o(i.HAL_TIM_PeriodElapsedCallback) refers to dflt_clz.o(x$fpl$dflt) for __aeabi_i2d
    main.o(i.HAL_TIM_PeriodElapsedCallback) refers to dmul.o(x$fpl$dmul) for __aeabi_dmul
    main.o(i.HAL_TIM_PeriodElapsedCallback) refers to ddiv.o(x$fpl$ddiv) for __aeabi_ddiv
    main.o(i.HAL_TIM_PeriodElapsedCallback) refers to daddsub_clz.o(x$fpl$dadd) for __aeabi_dadd
    main.o(i.HAL_TIM_PeriodElapsedCallback) refers to d2f.o(x$fpl$d2f) for __aeabi_d2f
    main.o(i.HAL_TIM_PeriodElapsedCallback) refers to fmul.o(x$fpl$fmul) for __aeabi_fmul
    main.o(i.HAL_TIM_PeriodElapsedCallback) refers to f2d.o(x$fpl$f2d) for __aeabi_f2d
    main.o(i.HAL_TIM_PeriodElapsedCallback) refers to fflt_clz.o(x$fpl$fflt) for __aeabi_i2f
    main.o(i.HAL_TIM_PeriodElapsedCallback) refers to fdiv.o(x$fpl$fdiv) for __aeabi_fdiv
    main.o(i.HAL_TIM_PeriodElapsedCallback) refers to ffix.o(x$fpl$ffix) for __aeabi_f2iz
    main.o(i.HAL_TIM_PeriodElapsedCallback) refers to main.o(i.PID_Controller) for PID_Controller
    main.o(i.HAL_TIM_PeriodElapsedCallback) refers to main.o(i.Run_Motor) for Run_Motor
    main.o(i.HAL_TIM_PeriodElapsedCallback) refers to noretval__2printf.o(.text) for __2printf
    main.o(i.HAL_TIM_PeriodElapsedCallback) refers to main.o(.data) for .data
    main.o(i.HAL_TIM_PeriodElapsedCallback) refers to main.o(.bss) for .bss
    main.o(i.HAL_UART_RxCpltCallback) refers to atoi.o(.text) for atoi
    main.o(i.HAL_UART_RxCpltCallback) refers to fflt_clz.o(x$fpl$fflt) for __aeabi_i2f
    main.o(i.HAL_UART_RxCpltCallback) refers to scalbnf.o(x$fpl$scalbnf) for __ARM_scalbnf
    main.o(i.HAL_UART_RxCpltCallback) refers to f2d.o(x$fpl$f2d) for __aeabi_f2d
    main.o(i.HAL_UART_RxCpltCallback) refers to dmul.o(x$fpl$dmul) for __aeabi_dmul
    main.o(i.HAL_UART_RxCpltCallback) refers to ddiv.o(x$fpl$ddiv) for __aeabi_ddiv
    main.o(i.HAL_UART_RxCpltCallback) refers to d2f.o(x$fpl$d2f) for __aeabi_d2f
    main.o(i.HAL_UART_RxCpltCallback) refers to dflt_clz.o(x$fpl$dflt) for __aeabi_i2d
[...]
    i.HAL_UART_TxCpltCallback                0x080032a2   Section        0  stm32f1xx_hal_uart.o(i.HAL_UART_TxCpltCallback)
    i.HardFault_Handler                      0x080032a4   Section        0  stm32f1xx_it.o(i.HardFault_Handler)
    i.MX_GPIO_Init                           0x080032a8   Section        0  main.o(i.MX_GPIO_Init)
    MX_GPIO_Init                             0x080032a9   Thumb Code   152  main.o(i.MX_GPIO_Init)
    i.MX_TIM3_Init                           0x08003350   Section        0  main.o(i.MX_TIM3_Init)
    MX_TIM3_Init                             0x08003351   Thumb Code   102  main.o(i.MX_TIM3_Init)
    i.MX_TIM4_Init                           0x080033c0   Section        0  main.o(i.MX_TIM4_Init)
    MX_TIM4_Init                             0x080033c1   Thumb Code    94  main.o(i.MX_TIM4_Init)
    i.MX_TIM5_Init                           0x08003428   Section        0  main.o(i.MX_TIM5_Init)
    MX_TIM5_Init                             0x08003429   Thumb Code    94  main.o(i.MX_TIM5_Init)
    i.MemManage_Handler                      0x08003490   Section        0  stm32f1xx_it.o(i.MemManage_Handler)
    i.NMI_Handler                            0x08003492   Section        0  stm32f1xx_it.o(i.NMI_Handler)
    i.PID_Controller                         0x08003494   Section        0  main.o(i.PID_Controller)
    i.PendSV_Handler                         0x08003558   Section        0  stm32f1xx_it.o(i.PendSV_Handler)
    i.Run_Motor                              0x0800355c   Section        0  main.o(i.Run_Motor)
    i.SVC_Handler                            0x08003598   Section        0  stm32f1xx_it.o(i.SVC_Handler)
    i.SysTick_Handler                        0x0800359a   Section        0  stm32f1xx_it.o(i.SysTick_Handler)
    i.SystemClock_Config                     0x0800359e   Section        0  main.o(i.SystemClock_Config)
    i.SystemInit                             0x080035fa   Section        0  system_stm32f1xx.o(i.SystemInit)
    i.TIM4_IRQHandler                        0x080035fc   Section        0  stm32f1xx_it.o(i.TIM4_IRQHandler)
    i.TIM5_IRQHandler                        0x08003608   Section        0  stm32f1xx_it.o(i.TIM5_IRQHandler)
    i.TIM_Base_SetConfig                     0x08003614   Section        0  stm32f1xx_hal_tim.o(i.TIM_Base_SetConfig)
    i.TIM_CCxChannelCmd                      0x080036a0   Section        0  stm32f1xx_hal_tim.o(i.TIM_CCxChannelCmd)
    i.TIM_ETR_SetConfig                      0x080036ba   Section        0  stm32f1xx_hal_tim.o(i.TIM_ETR_SetConfig)
    i.TIM_ITRx_SetConfig                     0x080036ce   Section        0  stm32f1xx_hal_tim.o(i.TIM_ITRx_SetConfig)
    TIM_ITRx_SetConfig                       0x080036cf   Thumb Code    16  stm32f1xx_hal_tim.o(i.TIM_ITRx_SetConfig)
    i.TIM_OC1_SetConfig                      0x080036e0   Section        0  stm32f1xx_hal_tim.o(i.TIM_OC1_SetConfig)
    TIM_OC1_SetConfig                        0x080036e1   Thumb Code    88  stm32f1xx_hal_tim.o(i.TIM_OC1_SetConfig)
    i.TIM_OC2_SetConfig                      0x08003740   Section        0  stm32f1xx_hal_tim.o(i.TIM_OC2_SetConfig)
    i.TIM_OC3_SetConfig                      0x080037ac   Section        0  stm32f1xx_hal_tim.o(i.TIM_OC3_SetConfig)
    TIM_OC3_SetConfig                        0x080037ad   Thumb Code    96  stm32f1xx_hal_tim.o(i.TIM_OC3_SetConfig)
    i.TIM_OC4_SetConfig                      0x08003814   Section        0  stm32f1xx_hal_tim.o(i.TIM_OC4_SetConfig)
    TIM_OC4_SetConfig                        0x08003815   Thumb Code    70  stm32f1xx_hal_tim.o(i.TIM_OC4_SetConfig)
    i.TIM_TI1_ConfigInputStage               0x08003864   Section        0  stm32f1xx_hal_tim.o(i.TIM_TI1_ConfigInputStage)
    TIM_TI1_ConfigInputStage                 0x08003865   Thumb Code    34  stm32f1xx_hal_tim.o(i.TIM_TI1_ConfigInputStage)
    i.TIM_TI2_ConfigInputStage               0x08003886   Section        0  stm32f1xx_hal_tim.o(i.TIM_TI2_ConfigInputStage)
    TIM_TI2_ConfigInputStage                 0x08003887   Thumb Code    36  stm32f1xx_hal_tim.o(i.TIM_TI2_ConfigInputStage)
    i.UART_DMAAbortOnError                   0x080038aa   Section        0  stm32f1xx_hal_uart.o(i.UART_DMAAbortOnError)
    UART_DMAAbortOnError                     0x080038ab   Thumb Code    16  stm32f1xx_hal_uart.o(i.UART_DMAAbortOnError)
    i.UART_EndRxTransfer                     0x080038ba   Section        0  stm32f1xx_hal_uart.o(i.UART_EndRxTransfer)
    UART_EndRxTransfer                       0x080038bb   Thumb Code    78  stm32f1xx_hal_uart.o(i.UART_EndRxTransfer)
    i.UART_Receive_IT                        0x08003908   Section        0  stm32f1xx_hal_uart.o(i.UART_Receive_IT)
    UART_Receive_IT                          0x08003909   Thumb Code   194  stm32f1xx_hal_uart.o(i.UART_Receive_IT)
    i.UART_SetConfig                         0x080039cc   Section        0  stm32f1xx_hal_uart.o(i.UART_SetConfig)
    UART_SetConfig                           0x080039cd   Thumb Code   178  stm32f1xx_hal_uart.o(i.UART_SetConfig)
    i.UART_Start_Receive_IT                  0x08003a84   Section        0  stm32f1xx_hal_uart.o(i.UART_Start_Receive_IT)
    i.UART_WaitOnFlagUntilTimeout            0x08003aba   Section        0  stm32f1xx_hal_uart.o(i.UART_WaitOnFlagUntilTimeout)
    UART_WaitOnFlagUntilTimeout              0x08003abb   Thumb Code   120  stm32f1xx_hal_uart.o(i.UART_WaitOnFlagUntilTimeout)
    i.USART1_IRQHandler                      0x08003b34   Section        0  stm32f1xx_it.o(i.USART1_IRQHandler)
    i.UsageFault_Handler                     0x08003b40   Section        0  stm32f1xx_it.o(i.UsageFault_Handler)
    i.__ARM_fpclassify                       0x08003b42   Section        0  fpclassify.o(i.__ARM_fpclassify)
    i.__NVIC_SetPriority                     0x08003b6a   Section        0  stm32f1xx_hal_cortex.o(i.__NVIC_SetPriority)
    __NVIC_SetPriority                       0x08003b6b   Thumb Code    32  stm32f1xx_hal_cortex.o(i.__NVIC_SetPriority)
    i.fputc                                  0x08003b8c   Section        0  main.o(i.fputc)
    i.main                                   0x08003ba8   Section        0  main.o(i.main)
    locale$$code                             0x08003c18   Section       44  lc_numeric_c.o(locale$$code)
    locale$$code                             0x08003c44   Section       44  lc_ctype_c.o(locale$$code)
    x$fpl$d2f                                0x08003c70   Section       98  d2f.o(x$fpl$d2f)
    x$fpl$dadd                               0x08003cd4   Section      336  daddsub_clz.o(x$fpl$dadd)
    _dadd1                                   0x08003ce5   Thumb Code     0  daddsub_clz.o(x$fpl$dadd)
    x$fpl$ddiv                               0x08003e24   Section      688  ddiv.o(x$fpl$ddiv)
    ddiv_entry                               0x08003e2b   Thumb Code     0  ddiv.o(x$fpl$ddiv)
    x$fpl$dflt                               0x080040d4   Section       46  dflt_clz.o(x$fpl$dflt)
    x$fpl$dmul                               0x08004104   Section      340  dmul.o(x$fpl$dmul)
    x$fpl$dnaninf                            0x08004258   Section      156  dnaninf.o(x$fpl$dnaninf)
    x$fpl$dretinf                            0x080042f4   Section       12  dretinf.o(x$fpl$dretinf)
    x$fpl$dsub                               0x08004300   Section      468  daddsub_clz.o(x$fpl$dsub)
    _dsub1                                   0x08004311   Thumb Code     0  daddsub_clz.o(x$fpl$dsub)
    x$fpl$f2d                                0x080044d4   Section       86  f2d.o(x$fpl$f2d)
    x$fpl$fadd                               0x0800452c   Section      196  faddsub_clz.o(x$fpl$fadd)
    _fadd1                                   0x0800453b   Thumb Code     0  faddsub_clz.o(x$fpl$fadd)
    x$fpl$fcheck1                            0x080045f0   Section       12  fcheck1.o(x$fpl$fcheck1)
    x$fpl$fdiv                               0x080045fc   Section      388  fdiv.o(x$fpl$fdiv)
    _fdiv1                                   0x080045fd   Thumb Code     0  fdiv.o(x$fpl$fdiv)
    x$fpl$ffix                               0x08004780   Section       54  ffix.o(x$fpl$ffix)
    x$fpl$fflt                               0x080047b8   Section       48  fflt_clz.o(x$fpl$fflt)
    x$fpl$fmul                               0x080047e8   Section      258  fmul.o(x$fpl$fmul)
    x$fpl$fnaninf                            0x080048ea   Section      140  fnaninf.o(x$fpl$fnaninf)
    x$fpl$fretinf                            0x08004976   Section       10  fretinf.o(x$fpl$fretinf)
    x$fpl$fsub                               0x08004980   Section      234  faddsub_clz.o(x$fpl$fsub)
    _fsub1                                   0x0800498f   Thumb Code     0  faddsub_clz.o(x$fpl$fsub)
    x$fpl$printf1                            0x08004a6a   Section        4  printf1.o(x$fpl$printf1)
    x$fpl$retnan                             0x08004a6e   Section      100  retnan.o(x$fpl$retnan)
    x$fpl$scalbnf                            0x08004ad2   Section       76  scalbnf.o(x$fpl$scalbnf)
    x$fpl$trapveneer                         0x08004b1e   Section       48  trapv.o(x$fpl$trapveneer)
    .constdata                               0x08004b4e   Section       18  stm32f1xx_hal_rcc.o(.constdata)
    x$fpl$usenofp                            0x08004b4e   Section        0  usenofp.o(x$fpl$usenofp)
    aPredivFactorTable                       0x08004b4e   Data           2  stm32f1xx_hal_rcc.o(.constdata)
    aPLLMULFactorTable                       0x08004b50   Data          16  stm32f1xx_hal_rcc.o(.constdata)
    .constdata                               0x08004b60   Section       16  system_stm32f1xx.o(.constdata)
    .constdata                               0x08004b70   Section        8  system_stm32f1xx.o(.constdata)
    .constdata                               0x08004b78   Section      148  bigflt0.o(.constdata)
    tenpwrs_x                                0x08004b78   Data          60  bigflt0.o(.constdata)
    tenpwrs_i                                0x08004bb4   Data          64  bigflt0.o(.constdata)
    .constdata                               0x08004c0c   Section        4  sys_io.o(.constdata)
    .constdata                               0x08004c10   Section        4  sys_io.o(.constdata)
    .constdata                               0x08004c14   Section        4  sys_io.o(.constdata)
    locale$$data                             0x08004c38   Section       28  lc_numeric_c.o(locale$$data)
    __lcnum_c_name                           0x08004c3c   Data           2  lc_numeric_c.o(locale$$data)
    __lcnum_c_start                          0x08004c44   Data           0  lc_numeric_c.o(locale$$data)
    __lcnum_c_point                          0x08004c50   Data           0  lc_numeric_c.o(locale$$data)
    __lcnum_c_thousands                      0x08004c52   Data           0  lc_numeric_c.o(locale$$data)
    __lcnum_c_grouping                       0x08004c53   Data           0  lc_numeric_c.o(locale$$data)
    locale$$data                             0x08004c54   Section      272  lc_ctype_c.o(locale$$data)
    __lcnum_c_end                            0x08004c54   Data           0  lc_numeric_c.o(locale$$data)
    __lcctype_c_name                         0x08004c58   Data           2  lc_ctype_c.o(locale$$data)
    __lcctype_c_start                        0x08004c60   Data           0  lc_ctype_c.o(locale$$data)
    __lcctype_c_end                          0x08004d64   Data           0  lc_ctype_c.o(locale$$data)
    .data                                    0x20000000   Section       68  main.o(.data)
    e_reset                                  0x20000018   Data           4  main.o(.data)
    u_i_pre                                  0x2000001c   Data           4  main.o(.data)
    u_df_pre                                 0x20000020   Data           4  main.o(.data)
    ek_pre                                   0x20000024   Data           4  main.o(.data)
    .data                                    0x20000044   Section       12  stm32f1xx_hal.o(.data)
    .data                                    0x20000050   Section        4  system_stm32f1xx.o(.data)
    .data                                    0x20000054   Section        4  stdio_streams.o(.data)
    .data                                    0x20000058   Section        4  stdio_streams.o(.data)
    .data                                    0x2000005c   Section        4  stdio_streams.o(.data)
    .bss                                     0x20000060   Section      308  main.o(.bss)
    .bss                                     0x20000194   Section       84  stdio_streams.o(.bss)
    .bss                                     0x200001e8   Section       84  stdio_streams.o(.bss)
    .bss                                     0x2000023c   Section       84  stdio_streams.o(.bss)
    .bss                                     0x20000290   Section       96  libspace.o(.bss)
    HEAP                                     0x200002f0   Section      512  startup_stm32f103xe.o(HEAP)
    Heap_Mem                                 0x200002f0   Data         512  startup_stm32f103xe.o(HEAP)
    STACK                                    0x200004f0   Section     1024  startup_stm32f103xe.o(STACK)
    Stack_Mem                                0x200004f0   Data        1024  startup_stm32f103xe.o(STACK)
    __initial_sp                             0x200008f0   Data           0  startup_stm32f103xe.o(STACK)

    Global Symbols

    Symbol Name                              Value     Ov Type        Size  Object(Section)

    BuildAttributes$$THM_ISAv4$P$D$K$B$S$PE$A:L22UL41UL21$X:L11$S22US41US21$IEEE1$IW$USESV6$~STKCKD$USESV7$~SHL$OTIME$ROPI$IEEEJ$EBA8$UX$STANDARDLIB$REQ8$PRES8$EABIv2 0x00000000   Number         0  anon$$obj.o ABSOLUTE
    __ARM_use_no_argv                        0x00000000   Number         0  main.o ABSOLUTE
    __ARM_exceptions_init                     - Undefined Weak Reference
    __alloca_initialize                       - Undefined Weak Reference
    __arm_fini_                               - Undefined Weak Reference
    __arm_preinit_                            - Undefined Weak Reference
    __cpp_initialize__aeabi_                  - Undefined Weak Reference
    __cxa_finalize                            - Undefined Weak Reference
    __sigvec_lookup                           - Undefined Weak Reference
    __user_heap_extent                        - Undefined Weak Reference
    _atexit_init                              - Undefined Weak Reference
    _call_atexit_fns                          - Undefined Weak Reference
    _clock_init                               - Undefined Weak Reference
    _fp_trap_init                             - Undefined Weak Reference
    _fp_trap_shutdown                         - Undefined Weak Reference
    _get_lc_collate                           - Undefined Weak Reference
    _get_lc_monetary                          - Undefined Weak Reference
    _get_lc_time                              - Undefined Weak Reference
    _getenv_init                              - Undefined Weak Reference
    _handle_redirection                       - Undefined Weak Reference
    _mutex_acquire                            - Undefined Weak Reference
    _mutex_free                               - Undefined Weak Reference
    _mutex_release                            - Undefined Weak Reference
    _printf_post_padding                      - Undefined Weak Reference
    _printf_pre_padding                       - Undefined Weak Reference
    _rand_init                                - Undefined Weak Reference
    _signal_finish                            - Undefined Weak Reference
    _signal_init                              - Undefined Weak Reference
    __Vectors_Size                           0x00000130   Number         0  startup_stm32f103xe.o ABSOLUTE
    __Vectors                                0x08000000   Data           4  startup_stm32f103xe.o(RESET)
    __Vectors_End                            0x08000130   Data           0  startup_stm32f103xe.o(RESET)
    __main                                   0x08000131   Thumb Code     8  __main.o(!!!main)
    __scatterload                            0x08000139   Thumb Code     0  __scatter.o(!!!scatter)
    __scatterload_rt2                        0x08000139   Thumb Code    44  __scatter.o(!!!scatter)
    __scatterload_rt2_thumb_only             0x08000139   Thumb Code     0  __scatter.o(!!!scatter)
    __scatterload_null                       0x08000147   Thumb Code     0  __scatter.o(!!!scatter)
    __scatterload_copy                       0x0800016d   Thumb Code    26  __scatter_copy.o(!!handler_copy)
    __scatterload_zeroinit                   0x08000189   Thumb Code    28  __scatter_zi.o(!!handler_zi)
    _printf_f                                0x080001a5   Thumb Code     0  _printf_f.o(.ARM.Collect$$_printf_percent$$00000003)
    _printf_percent                          0x080001a5   Thumb Code     0  _printf_percent.o(.ARM.Collect$$_printf_percent$$00000000)
    _printf_percent_end                      0x080001ab   Thumb Code     0  _printf_percent_end.o(.ARM.Collect$$_printf_percent$$00000017)
    __rt_lib_init                            0x080001af   Thumb Code     0  libinit.o(.ARM.Collect$$libinit$$00000000)
    __rt_lib_init_fp_1                       0x080001b1   Thumb Code     0  libinit2.o(.ARM.Collect$$libinit$$00000002)
    __rt_lib_init_heap_2                     0x080001b1   Thumb Code     0  libinit2.o(.ARM.Collect$$libinit$$00000005)
    __rt_lib_init_preinit_1                  0x080001b1   Thumb Code     0  libinit2.o(.ARM.Collect$$libinit$$00000004)
    __rt_lib_init_heap_1                     0x080001b9   Thumb Code     0  libinit2.o(.ARM.Collect$$libinit$$0000000A)
    __rt_lib_init_lc_common                  0x080001b9   Thumb Code     0  libinit2.o(.ARM.Collect$$libinit$$0000000F)
    __rt_lib_init_rand_1                     0x080001b9   Thumb Code     0  libinit2.o(.ARM.Collect$$libinit$$0000000E)
    __rt_lib_init_user_alloc_1               0x080001b9   Thumb Code     0  libinit2.o(.ARM.Collect$$libinit$$0000000C)
    __rt_lib_init_lc_collate_1               0x080001bf   Thumb Code     0  libinit2.o(.ARM.Collect$$libinit$$00000011)
    __rt_lib_init_lc_ctype_2                 0x080001bf   Thumb Code     0  libinit2.o(.ARM.Collect$$libinit$$00000012)
    __rt_lib_init_lc_ctype_1                 0x080001cb   Thumb Code     0  libinit2.o(.ARM.Collect$$libinit$$00000013)
    __rt_lib_init_lc_monetary_1              0x080001cb   Thumb Code     0  libinit2.o(.ARM.Collect$$libinit$$00000015)
    __rt_lib_init_lc_numeric_2               0x080001cb   Thumb Code     0  libinit2.o(.ARM.Collect$$libinit$$00000016)
    __rt_lib_init_atexit_1                   0x080001d5   Thumb Code     0  libinit2.o(.ARM.Collect$$libinit$$0000001B)
    __rt_lib_init_clock_1                    0x080001d5   Thumb Code     0  libinit2.o(.ARM.Collect$$libinit$$00000021)
    __rt_lib_init_fp_trap_1                  0x080001d5   Thumb Code     0  libinit2.o(.ARM.Collect$$libinit$$0000001F)
    __rt_lib_init_getenv_1                   0x080001d5   Thumb Code     0  libinit2.o(.ARM.Collect$$libinit$$00000023)
    __rt_lib_init_lc_numeric_1               0x080001d5   Thumb Code     0  libinit2.o(.ARM.Collect$$libinit$$00000017)
    __rt_lib_init_lc_time_1                  0x080001d5   Thumb Code     0  libinit2.o(.ARM.Collect$$libinit$$00000019)
    __rt_lib_init_signal_1                   0x080001d5   Thumb Code     0  libinit2.o(.ARM.Collect$$libinit$$0000001D)
    __rt_lib_init_stdio_2                    0x080001d5   Thumb Code     0  libinit2.o(.ARM.Collect$$libinit$$00000024)
    __rt_lib_init_alloca_1                   0x080001d9   Thumb Code     0  libinit2.o(.ARM.Collect$$libinit$$0000002E)
    __rt_lib_init_argv_1                     0x080001d9   Thumb Code     0  libinit2.o(.ARM.Collect$$libinit$$0000002C)
    __rt_lib_init_cpp_1                      0x080001d9   Thumb Code     0  libinit2.o(.ARM.Collect$$libinit$$00000032)
    __rt_lib_init_exceptions_1               0x080001d9   Thumb Code     0  libinit2.o(.ARM.Collect$$libinit$$00000030)
    __rt_lib_init_return                     0x080001d9   Thumb Code     0  libinit2.o(.ARM.Collect$$libinit$$00000033)
    __rt_lib_init_stdio_1                    0x080001d9   Thumb Code     0  libinit2.o(.ARM.Collect$$libinit$$00000025)
    __rt_lib_shutdown                        0x080001db   Thumb Code     0  libshutdown.o(.ARM.Collect$$libshutdown$$00000000)
    __rt_lib_shutdown_cpp_1                  0x080001dd   Thumb Code     0  libshutdown2.o(.ARM.Collect$$libshutdown$$00000004)
    __rt_lib_shutdown_fini_1                 0x080001dd   Thumb Code     0  libshutdown2.o(.ARM.Collect$$libshutdown$$00000002)
    __rt_lib_shutdown_stdio_2                0x080001dd   Thumb Code     0  libshutdown2.o(.ARM.Collect$$libshutdown$$00000005)
    __rt_lib_shutdown_fp_trap_1              0x080001e1   Thumb Code     0  libshutdown2.o(.ARM.Collect$$libshutdown$$00000009)
    __rt_lib_shutdown_heap_1                 0x080001e1   Thumb Code     0  libshutdown2.o(.ARM.Collect$$libshutdown$$00000011)
    __rt_lib_shutdown_return                 0x080001e1   Thumb Code     0  libshutdown2.o(.ARM.Collect$$libshutdown$$00000012)
    __rt_lib_shutdown_signal_1               0x080001e1   Thumb Code     0  libshutdown2.o(.ARM.Collect$$libshutdown$$0000000C)
    __rt_lib_shutdown_stdio_1                0x080001e1   Thumb Code     0  libshutdown2.o(.ARM.Collect$$libshutdown$$00000006)
    __rt_lib_shutdown_user_alloc_1           0x080001e1   Thumb Code     0  libshutdown2.o(.ARM.Collect$$libshutdown$$0000000E)
    __rt_entry                               0x080001e3   Thumb Code     0  __rtentry.o(.ARM.Collect$$rtentry$$00000000)
    __rt_entry_presh_1                       0x080001e3   Thumb Code     0  __rtentry2.o(.ARM.Collect$$rtentry$$00000002)
    __rt_entry_sh                            0x080001e3   Thumb Code     0  __rtentry4.o(.ARM.Collect$$rtentry$$00000004)
    __rt_entry_li                            0x080001e9   Thumb Code     0  __rtentry2.o(.ARM.Collect$$rtentry$$0000000A)
    __rt_entry_postsh_1                      0x080001e9   Thumb Code     0  __rtentry2.o(.ARM.Collect$$rtentry$$00000009)
    __rt_entry_main                          0x080001ed   Thumb Code     0  __rtentry2.o(.ARM.Collect$$rtentry$$0000000D)
    __rt_entry_postli_1                      0x080001ed   Thumb Code     0  __rtentry2.o(.ARM.Collect$$rtentry$$0000000C)
    __rt_exit                                0x080001f5   Thumb Code     0  rtexit.o(.ARM.Collect$$rtexit$$00000000)
    __rt_exit_ls                             0x080001f7   Thumb Code     0  rtexit2.o(.ARM.Collect$$rtexit$$00000003)
    __rt_exit_prels_1                        0x080001f7   Thumb Code     0  rtexit2.o(.ARM.Collect$$rtexit$$00000002)
    __rt_exit_exit                           0x080001fb   Thumb Code     0  rtexit2.o(.ARM.Collect$$rtexit$$00000004)
    Reset_Handler                            0x08000201   Thumb Code     8  startup_stm32f103xe.o(.text)
    _maybe_terminate_alloc                   0x08000201   Thumb Code     0  maybetermalloc1.o(.emb_text)
    ADC1_2_IRQHandler                        0x0800021b   Thumb Code     0  startup_stm32f103xe.o(.text)
    ADC3_IRQHandler                          0x0800021b   Thumb Code     0  startup_stm32f103xe.o(.text)
    CAN1_RX1_IRQHandler                      0x0800021b   Thumb Code     0  startup_stm32f103xe.o(.text)
    CAN1_SCE_IRQHandler                      0x0800021b   Thumb Code     0  startup_stm32f103xe.o(.text)
    DMA1_Channel1_IRQHandler                 0x0800021b   Thumb Code     0  startup_stm32f103xe.o(.text)
    DMA1_Channel2_IRQHandler                 0x0800021b   Thumb Code     0  startup_stm32f103xe.o(.text)
    DMA1_Channel3_IRQHandler                 0x0800021b   Thumb Code     0  startup_stm32f103xe.o(.text)
    DMA1_Channel4_IRQHandler                 0x0800021b   Thumb Code     0  startup_stm32f103xe.o(.text)
    DMA1_Channel5_IRQHandler                 0x0800021b   Thumb Code     0  startup_stm32f103xe.o(.text)
    DMA1_Channel6_IRQHandler                 0x0800021b   Thumb Code     0  startup_stm32f103xe.o(.text)
    DMA1_Channel7_IRQHandler                 0x0800021b   Thumb Code     0  startup_stm32f103xe.o(.text)
    DMA2_Channel1_IRQHandler                 0x0800021b   Thumb Code     0  startup_stm32f103xe.o(.text)
    DMA2_Channel2_IRQHandler                 0x0800021b   Thumb Code     0  startup_stm32f103xe.o(.text)
    DMA2_Channel3_IRQHandler                 0x0800021b   Thumb Code     0  startup_stm32f103xe.o(.text)
    DMA2_Channel4_5_IRQHandler               0x0800021b   Thumb Code     0  startup_stm32f103xe.o(.text)
    EXTI0_IRQHandler                         0x0800021b   Thumb Code     0  startup_stm32f103xe.o(.text)
    EXTI15_10_IRQHandler                     0x0800021b   Thumb Code     0  startup_stm32f103xe.o(.text)
    EXTI1_IRQHandler                         0x0800021b   Thumb Code     0  startup_stm32f103xe.o(.text)
    EXTI2_IRQHandler                         0x0800021b   Thumb Code     0  startup_stm32f103xe.o(.text)
    EXTI3_IRQHandler                         0x0800021b   Thumb Code     0  startup_stm32f103xe.o(.text)
    FLASH_IRQHandler                         0x0800021b   Thumb Code     0  startup_stm32f103xe.o(.text)
    FSMC_IRQHandler                          0x0800021b   Thumb Code     0  startup_stm32f103xe.o(.text)
    I2C1_ER_IRQHandler                       0x0800021b   Thumb Code     0  startup_stm32f103xe.o(.text)
    I2C1_EV_IRQHandler                       0x0800021b   Thumb Code     0  startup_stm32f103xe.o(.text)
    I2C2_ER_IRQHandler                       0x0800021b   Thumb Code     0  startup_stm32f103xe.o(.text)
    I2C2_EV_IRQHandler                       0x0800021b   Thumb Code     0  startup_stm32f103xe.o(.text)
    PVD_IRQHandler                           0x0800021b   Thumb Code     0  startup_stm32f103xe.o(.text)
    RCC_IRQHandler                           0x0800021b   Thumb Code     0  startup_stm32f103xe.o(.text)
    RTC_Alarm_IRQHandler                     0x0800021b   Thumb Code     0  startup_stm32f103xe.o(.text)
    RTC_IRQHandler                           0x0800021b   Thumb Code     0  startup_stm32f103xe.o(.text)
    SDIO_IRQHandler                          0x0800021b   Thumb Code     0  startup_stm32f103xe.o(.text)
    SPI1_IRQHandler                          0x0800021b   Thumb Code     0  startup_stm32f103xe.o(.text)
    SPI2_IRQHandler                          0x0800021b   Thumb Code     0  startup_stm32f103xe.o(.text)
    SPI3_IRQHandler                          0x0800021b   Thumb Code     0  startup_stm32f103xe.o(.text)
    TAMPER_IRQHandler                        0x0800021b   Thumb Code     0  startup_stm32f103xe.o(.text)
    TIM1_BRK_IRQHandler                      0x0800021b   Thumb Code     0  startup_stm32f103xe.o(.text)
    TIM1_CC_IRQHandler                       0x0800021b   Thumb Code     0  startup_stm32f103xe.o(.text)
    TIM1_TRG_COM_IRQHandler                  0x0800021b   Thumb Code     0  startup_stm32f103xe.o(.text)
    TIM1_UP_IRQHandler                       0x0800021b   Thumb Code     0  startup_stm32f103xe.o(.text)
    TIM2_IRQHandler                          0x0800021b   Thumb Code     0  startup_stm32f103xe.o(.text)
    TIM3_IRQHandler                          0x0800021b   Thumb Code     0  startup_stm32f103xe.o(.text)
    TIM6_IRQHandler                          0x0800021b   Thumb Code     0  startup_stm32f103xe.o(.text)
    TIM7_IRQHandler                          0x0800021b   Thumb Code     0  startup_stm32f103xe.o(.text)
    TIM8_BRK_IRQHandler                      0x0800021b   Thumb Code     0  startup_stm32f103xe.o(.text)
    TIM8_CC_IRQHandler                       0x0800021b   Thumb Code     0  startup_stm32f103xe.o(.text)
    TIM8_TRG_COM_IRQHandler                  0x0800021b   Thumb Code     0  startup_stm32f103xe.o(.text)
    TIM8_UP_IRQHandler                       0x0800021b   Thumb Code     0  startup_stm32f103xe.o(.text)
    UART4_IRQHandler                         0x0800021b   Thumb Code     0  startup_stm32f103xe.o(.text)
    UART5_IRQHandler                         0x0800021b   Thumb Code     0  startup_stm32f103xe.o(.text)
    USART2_IRQHandler                        0x0800021b   Thumb Code     0  startup_stm32f103xe.o(.text)
    USART3_IRQHandler                        0x0800021b   Thumb Code     0  startup_stm32f103xe.o(.text)
    USBWakeUp_IRQHandler                     0x0800021b   Thumb Code     0  startup_stm32f103xe.o(.text)
    USB_HP_CAN1_TX_IRQHandler                0x0800021b   Thumb Code     0  startup_stm32f103xe.o(.text)
    USB_LP_CAN1_RX0_IRQHandler               0x0800021b   Thumb Code     0  startup_stm32f103xe.o(.text)
    WWDG_IRQHandler                          0x0800021b   Thumb Code     0  startup_stm32f103xe.o(.text)
    __user_initial_stackheap                 0x0800021d   Thumb Code     0  startup_stm32f103xe.o(.text)
    __2printf                                0x08000241   Thumb Code    20  noretval__2printf.o(.text)
    __printf                                 0x08000259   Thumb Code   104  __printf.o(.text)
    atoi                                     0x080002c1   Thumb Code    26  atoi.o(.text)
    __aeabi_memclr4                          0x080002db   Thumb Code     0  rt_memclr_w.o(.text)
    __aeabi_memclr8                          0x080002db   Thumb Code     0  rt_memclr_w.o(.text)
    __rt_memclr_w                            0x080002db   Thumb Code    78  rt_memclr_w.o(.text)
    _memset_w                                0x080002df   Thumb Code     0  rt_memclr_w.o(.text)
    __use_two_region_memory                  0x08000329   Thumb Code     2  heapauxi.o(.text)
    __rt_heap_escrow                         0x0800032b   Thumb Code     2  heapauxi.o(.text)
    __rt_heap_expand                         0x0800032d   Thumb Code     2  heapauxi.o(.text)
    __aeabi_errno_addr                       0x08000331   Thumb Code     8  rt_errno_addr_intlibspace.o(.text)
    __errno$intlibspace                      0x08000331   Thumb Code     0  rt_errno_addr_intlibspace.o(.text)
    __rt_errno_addr$intlibspace              0x08000331   Thumb Code     0  rt_errno_addr_intlibspace.o(.text)
    __lib_sel_fp_printf                      0x08000339   Thumb Code     2  _printf_fp_dec.o(.text)
    _printf_fp_dec_real                      0x080004eb   Thumb Code   620  _printf_fp_dec.o(.text)
    _printf_char_file                        0x08000759   Thumb Code    32  _printf_char_file.o(.text)
    strtol                                   0x0800077d   Thumb Code   112  strtol.o(.text)
    __user_libspace                          0x080007ed   Thumb Code     8  libspace.o(.text)
    __user_perproc_libspace                  0x080007ed   Thumb Code     0  libspace.o(.text)
    __user_perthread_libspace                0x080007ed   Thumb Code     0  libspace.o(.text)
    __rt_ctype_table                         0x080007f5   Thumb Code    16  rt_ctype_table.o(.text)
    __rt_locale                              0x08000805   Thumb Code     8  rt_locale_intlibspace.o(.text)
    _ll_udiv10                               0x0800080d   Thumb Code   138  lludiv10.o(.text)
    _printf_char_common                      0x080008a3   Thumb Code    32  _printf_char_common.o(.text)
    _printf_fp_infnan                        0x080008c9   Thumb Code   112  _printf_fp_infnan.o(.text)
    _strtoul                                 0x08000949   Thumb Code   158  _strtoul.o(.text)
    _btod_etento                             0x080009e9   Thumb Code   224  bigflt0.o(.text)
    ferror                                   0x08000acd   Thumb Code     8  ferror.o(.text)
    _initio                                  0x08000ad5   Thumb Code   210  initio.o(.text)
    _terminateio                             0x08000ba7   Thumb Code    56  initio.o(.text)
    _sys_open                                0x08000c0d   Thumb Code    20  sys_io.o(.text)
    _sys_close                               0x08000c21   Thumb Code    12  sys_io.o(.text)
    _sys_write                               0x08000c2d   Thumb Code    16  sys_io.o(.text)
    _sys_read                                0x08000c3d   Thumb Code    14  sys_io.o(.text)
    _sys_istty                               0x08000c4b   Thumb Code    12  sys_io.o(.text)
    _sys_seek                                0x08000c57   Thumb Code    14  sys_io.o(.text)
    _sys_ensure                              0x08000c65   Thumb Code     2  sys_io.o(.text)
    _sys_flen                                0x08000c67   Thumb Code    12  sys_io.o(.text)
    __user_setup_stackheap                   0x08000c73   Thumb Code    74  sys_stackheap_outer.o(.text)
    free                                     0x08000cbd   Thumb Code    78  h1_free.o(.text)
    _chval                                   0x08000d0b   Thumb Code    28  _chval.o(.text)
    setvbuf                                  0x08000d27   Thumb Code    70  setvbuf.o(.text)
    freopen                                  0x08000d6d   Thumb Code   158  fopen.o(.text)
    fopen                                    0x08000e0b   Thumb Code    74  fopen.o(.text)
    _fclose_internal                         0x08000e59   Thumb Code    76  fclose.o(.text)
    fclose                                   0x08000e59   Thumb Code     0  fclose.o(.text)
    exit                                     0x08000ea5   Thumb Code    18  exit.o(.text)
    __rt_SIGRTRED                            0x08000eb7   Thumb Code    14  defsig_rtred_outer.o(.text)
    strcmp                                   0x08000ec5   Thumb Code   128  strcmpv7m.o(.text)
    __I$use$semihosting                      0x08000f45   Thumb Code     0  use_no_semi.o(.text)
    __use_no_semihosting_swi                 0x08000f45   Thumb Code     2  use_no_semi.o(.text)
    __semihosting_library_function           0x08000f47   Thumb Code     0  indicate_semi.o(.text)
    __rt_heap_descriptor                     0x08000f49   Thumb Code     8  rt_heap_descriptor_intlibspace.o(.text)
    __use_no_heap                            0x08000f51   Thumb Code     2  hguard.o(.text)
    __heap$guard                             0x08000f53   Thumb Code     2  hguard.o(.text)
    _terminate_user_alloc                    0x08000f55   Thumb Code     2  init_alloc.o(.text)
    _init_user_alloc                         0x08000f57   Thumb Code     2  init_alloc.o(.text)
    __Heap_Full                              0x08000f59   Thumb Code    34  init_alloc.o(.text)
    __Heap_Broken                            0x08000f7b   Thumb Code     6  init_alloc.o(.text)
    _init_alloc                              0x08000f81   Thumb Code    94  init_alloc.o(.text)
    malloc                                   0x08000fdf   Thumb Code    94  h1_alloc.o(.text)
    _fseek                                   0x0800103d   Thumb Code   242  fseek.o(.text)
    fseek                                    0x0800103d   Thumb Code     0  fseek.o(.text)
    _seterr                                  0x08001135   Thumb Code    20  stdio.o(.text)
    _writebuf                                0x08001149   Thumb Code    84  stdio.o(.text)
    _fflush                                  0x0800119d   Thumb Code    70  stdio.o(.text)
    _deferredlazyseek                        0x080011e3   Thumb Code    60  stdio.o(.text)
    __sig_exit                               0x08001225   Thumb Code    10  defsig_exit.o(.text)
    __rt_SIGRTRED_inner                      0x08001231   Thumb Code    14  defsig_rtred_inner.o(.text)
    strlen                                   0x08001265   Thumb Code    62  strlen.o(.text)
    _sys_exit                                0x080012a5   Thumb Code     8  sys_exit.o(.text)
    __Heap_Initialize                        0x080012b1   Thumb Code    10  h1_init.o(.text)
    __Heap_DescSize                          0x080012bb   Thumb Code     4  h1_init.o(.text)
    __Heap_ProvideMemory                     0x080012bf   Thumb Code    52  h1_extend.o(.text)
    _ftell_internal                          0x080012f3   Thumb Code    66  ftell.o(.text)
    ftell                                    0x080012f3   Thumb Code     0  ftell.o(.text)
    __default_signal_display                 0x08001335   Thumb Code    50  defsig_general.o(.text)
    __rt_SIGRTMEM                            0x08001367   Thumb Code    14  defsig_rtmem_outer.o(.text)
    _ttywrch                                 0x08001375   Thumb Code    14  sys_wrch.o(.text)
    __rt_SIGRTMEM_inner                      0x08001385   Thumb Code    22  defsig_rtmem_inner.o(.text)
    _btod_d2e                                0x080013d5   Thumb Code    62  btod.o(CL$$btod_d2e)
    _d2e_denorm_low                          0x08001413   Thumb Code    70  btod.o(CL$$btod_d2e_denorm_low)
    _d2e_norm_op1                            0x08001459   Thumb Code    96  btod.o(CL$$btod_d2e_norm_op1)
    __btod_div_common                        0x080014b9   Thumb Code   696  btod.o(CL$$btod_div_common)
    _e2e                                     0x080017f1   Thumb Code   220  btod.o(CL$$btod_e2e)
    _btod_ediv                               0x080018cd   Thumb Code    42  btod.o(CL$$btod_ediv)
    _btod_emul                               0x080018f7   Thumb Code    42  btod.o(CL$$btod_emul)
    __btod_mult_common                       0x08001921   Thumb Code   580  btod.o(CL$$btod_mult_common)
    BusFault_Handler                         0x08001b65   Thumb Code     2  stm32f1xx_it.o(i.BusFault_Handler)
    DebugMon_Handler                         0x08001b67   Thumb Code     2  stm32f1xx_it.o(i.DebugMon_Handler)
    EXTI4_IRQHandler                         0x08001b69   Thumb Code     6  stm32f1xx_it.o(i.EXTI4_IRQHandler)
    EXTI9_5_IRQHandler                       0x08001b6f   Thumb Code     6  stm32f1xx_it.o(i.EXTI9_5_IRQHandler)
    HAL_DMA_Abort                            0x08001b75   Thumb Code    70  stm32f1xx_hal_dma.o(i.HAL_DMA_Abort)
    HAL_DMA_Abort_IT                         0x08001bbd   Thumb Code   296  stm32f1xx_hal_dma.o(i.HAL_DMA_Abort_IT)
    HAL_GPIO_EXTI_Callback                   0x08001ced   Thumb Code   154  main.o(i.HAL_GPIO_EXTI_Callback)
    HAL_GPIO_EXTI_IRQHandler                 0x08001d91   Thumb Code    18  stm32f1xx_hal_gpio.o(i.HAL_GPIO_EXTI_IRQHandler)
    HAL_GPIO_Init                            0x08001da9   Thumb Code   462  stm32f1xx_hal_gpio.o(i.HAL_GPIO_Init)
    HAL_GPIO_ReadPin                         0x08001fa1   Thumb Code    10  stm32f1xx_hal_gpio.o(i.HAL_GPIO_ReadPin)
    HAL_GPIO_WritePin                        0x08001fab   Thumb Code    10  stm32f1xx_hal_gpio.o(i.HAL_GPIO_WritePin)
    HAL_GetTick                              0x08001fb5   Thumb Code     6  stm32f1xx_hal.o(i.HAL_GetTick)
    HAL_IncTick                              0x08001fc1   Thumb Code    12  stm32f1xx_hal.o(i.HAL_IncTick)
    HAL_Init                                 0x08001fd1   Thumb Code    32  stm32f1xx_hal.o(i.HAL_Init)
    HAL_InitTick                             0x08001ff5   Thumb Code    54  stm32f1xx_hal.o(i.HAL_InitTick)
    HAL_MspInit                              0x08002035   Thumb Code    52  stm32f1xx_hal_msp.o(i.HAL_MspInit)
    HAL_NVIC_EnableIRQ                       0x08002071   Thumb Code    26  stm32f1xx_hal_cortex.o(i.HAL_NVIC_EnableIRQ)
    HAL_NVIC_SetPriority                     0x0800208d   Thumb Code    60  stm32f1xx_hal_cortex.o(i.HAL_NVIC_SetPriority)
    HAL_NVIC_SetPriorityGrouping             0x080020cd   Thumb Code    26  stm32f1xx_hal_cortex.o(i.HAL_NVIC_SetPriorityGrouping)
    HAL_RCC_ClockConfig                      0x080020f1   Thumb Code   280  stm32f1xx_hal_rcc.o(i.HAL_RCC_ClockConfig)
    HAL_RCC_GetPCLK1Freq                     0x0800221d   Thumb Code    20  stm32f1xx_hal_rcc.o(i.HAL_RCC_GetPCLK1Freq)
    HAL_RCC_GetPCLK2Freq                     0x0800223d   Thumb Code    20  stm32f1xx_hal_rcc.o(i.HAL_RCC_GetPCLK2Freq)
    HAL_RCC_GetSysClockFreq                  0x0800225d   Thumb Code    58  stm32f1xx_hal_rcc.o(i.HAL_RCC_GetSysClockFreq)
    HAL_RCC_OscConfig                        0x080022a9   Thumb Code   778  stm32f1xx_hal_rcc.o(i.HAL_RCC_OscConfig)
    HAL_SYSTICK_Config                       0x080025c9   Thumb Code    40  stm32f1xx_hal_cortex.o(i.HAL_SYSTICK_Config)
    HAL_TIMEx_BreakCallback                  0x080025f1   Thumb Code     2  stm32f1xx_hal_tim_ex.o(i.HAL_TIMEx_BreakCallback)
    HAL_TIMEx_CommutCallback                 0x080025f3   Thumb Code     2  stm32f1xx_hal_tim_ex.o(i.HAL_TIMEx_CommutCallback)
    HAL_TIMEx_MasterConfigSynchronization    0x080025f5   Thumb Code   104  stm32f1xx_hal_tim_ex.o(i.HAL_TIMEx_MasterConfigSynchronization)
    HAL_TIM_Base_Init                        0x08002671   Thumb Code    90  stm32f1xx_hal_tim.o(i.HAL_TIM_Base_Init)
    HAL_TIM_Base_MspInit                     0x080026cd   Thumb Code    86  stm32f1xx_hal_msp.o(i.HAL_TIM_Base_MspInit)
    HAL_TIM_Base_Start_IT                    0x08002731   Thumb Code    88  stm32f1xx_hal_tim.o(i.HAL_TIM_Base_Start_IT)
    HAL_TIM_ConfigClockSource                0x0800279d   Thumb Code   220  stm32f1xx_hal_tim.o(i.HAL_TIM_ConfigClockSource)
    HAL_TIM_IC_CaptureCallback               0x08002879   Thumb Code     2  stm32f1xx_hal_tim.o(i.HAL_TIM_IC_CaptureCallback)
    HAL_TIM_IRQHandler                       0x0800287b   Thumb Code   358  stm32f1xx_hal_tim.o(i.HAL_TIM_IRQHandler)
    HAL_TIM_MspPostInit                      0x080029e1   Thumb Code    80  stm32f1xx_hal_msp.o(i.HAL_TIM_MspPostInit)
    HAL_TIM_OC_DelayElapsedCallback          0x08002a41   Thumb Code     2  stm32f1xx_hal_tim.o(i.HAL_TIM_OC_DelayElapsedCallback)
    HAL_TIM_PWM_ConfigChannel                0x08002a43   Thumb Code   204  stm32f1xx_hal_tim.o(i.HAL_TIM_PWM_ConfigChannel)
    HAL_TIM_PWM_Init                         0x08002b0f   Thumb Code    90  stm32f1xx_hal_tim.o(i.HAL_TIM_PWM_Init)
    HAL_TIM_PWM_MspInit                      0x08002b69   Thumb Code    30  stm32f1xx_hal_msp.o(i.HAL_TIM_PWM_MspInit)
    HAL_TIM_PWM_PulseFinishedCallback        0x08002b91   Thumb Code     2  stm32f1xx_hal_tim.o(i.HAL_TIM_PWM_PulseFinishedCallback)
    HAL_TIM_PWM_Start                        0x08002b95   Thumb Code   160  stm32f1xx_hal_tim.o(i.HAL_TIM_PWM_Start)
    HAL_TIM_PeriodElapsedCallback            0x08002c49   Thumb Code   262  main.o(i.HAL_TIM_PeriodElapsedCallback)
    HAL_TIM_TriggerCallback                  0x08002d81   Thumb Code     2  stm32f1xx_hal_tim.o(i.HAL_TIM_TriggerCallback)
    HAL_UARTEx_RxEventCallback               0x08002d83   Thumb Code     2  stm32f1xx_hal_uart.o(i.HAL_UARTEx_RxEventCallback)
    HAL_UART_ErrorCallback                   0x08002d85   Thumb Code     2  stm32f1xx_hal_uart.o(i.HAL_UART_ErrorCallback)
    HAL_UART_IRQHandler                      0x08002d89   Thumb Code   616  stm32f1xx_hal_uart.o(i.HAL_UART_IRQHandler)
    HAL_UART_Init                            0x08002ff5   Thumb Code   100  stm32f1xx_hal_uart.o(i.HAL_UART_Init)
    HAL_UART_MspInit                         0x08003059   Thumb Code   116  stm32f1xx_hal_msp.o(i.HAL_UART_MspInit)
    HAL_UART_Receive_IT                      0x080030d9   Thumb Code    28  stm32f1xx_hal_uart.o(i.HAL_UART_Receive_IT)
    HAL_UART_RxCpltCallback                  0x080030f5   Thumb Code   248  main.o(i.HAL_UART_RxCpltCallback)
    HAL_UART_Transmit                        0x08003209   Thumb Code   154  stm32f1xx_hal_uart.o(i.HAL_UART_Transmit)
    HAL_UART_TxCpltCallback                  0x080032a3   Thumb Code     2  stm32f1xx_hal_uart.o(i.HAL_UART_TxCpltCallback)
    HardFault_Handler                        0x080032a5   Thumb Code     2  stm32f1xx_it.o(i.HardFault_Handler)
    MemManage_Handler                        0x08003491   Thumb Code     2  stm32f1xx_it.o(i.MemManage_Handler)
    NMI_Handler                              0x08003493   Thumb Code     2  stm32f1xx_it.o(i.NMI_Handler)
    PID_Controller                           0x08003495   Thumb Code   164  main.o(i.PID_Controller)
    PendSV_Handler                           0x08003559   Thumb Code     2  stm32f1xx_it.o(i.PendSV_Handler)
    Run_Motor                                0x0800355d   Thumb Code    48  main.o(i.Run_Motor)
    SVC_Handler                              0x08003599   Thumb Code     2  stm32f1xx_it.o(i.SVC_Handler)
    SysTick_Handler                          0x0800359b   Thumb Code     4  stm32f1xx_it.o(i.SysTick_Handler)
    SystemClock_Config                       0x0800359f   Thumb Code    92  main.o(i.SystemClock_Config)
    SystemInit                               0x080035fb   Thumb Code     2  system_stm32f1xx.o(i.SystemInit)
    TIM4_IRQHandler                          0x080035fd   Thumb Code     6  stm32f1xx_it.o(i.TIM4_IRQHandler)
    TIM5_IRQHandler                          0x08003609   Thumb Code     6  stm32f1xx_it.o(i.TIM5_IRQHandler)
    TIM_Base_SetConfig                       0x08003615   Thumb Code   120  stm32f1xx_hal_tim.o(i.TIM_Base_SetConfig)
    TIM_CCxChannelCmd                        0x080036a1   Thumb Code    26  stm32f1xx_hal_tim.o(i.TIM_CCxChannelCmd)
    TIM_ETR_SetConfig                        0x080036bb   Thumb Code    20  stm32f1xx_hal_tim.o(i.TIM_ETR_SetConfig)
    TIM_OC2_SetConfig                        0x08003741   Thumb Code    98  stm32f1xx_hal_tim.o(i.TIM_OC2_SetConfig)
    UART_Start_Receive_IT                    0x08003a85   Thumb Code    54  stm32f1xx_hal_uart.o(i.UART_Start_Receive_IT)
    USART1_IRQHandler                        0x08003b35   Thumb Code     6  stm32f1xx_it.o(i.USART1_IRQHandler)
    UsageFault_Handler                       0x08003b41   Thumb Code     2  stm32f1xx_it.o(i.UsageFault_Handler)
    __ARM_fpclassify                         0x08003b43   Thumb Code    40  fpclassify.o(i.__ARM_fpclassify)
    fputc                                    0x08003b8d   Thumb Code    24  main.o(i.fputc)
    main                                     0x08003ba9   Thumb Code   100  main.o(i.main)
    _get_lc_numeric                          0x08003c19   Thumb Code    44  lc_numeric_c.o(locale$$code)
    _get_lc_ctype                            0x08003c45   Thumb Code    44  lc_ctype_c.o(locale$$code)
    __aeabi_d2f                              0x08003c71   Thumb Code     0  d2f.o(x$fpl$d2f)
    _d2f                                     0x08003c71   Thumb Code    98  d2f.o(x$fpl$d2f)
    __aeabi_dadd                             0x08003cd5   Thumb Code     0  daddsub_clz.o(x$fpl$dadd)
    _dadd                                    0x08003cd5   Thumb Code   332  daddsub_clz.o(x$fpl$dadd)
    __aeabi_ddiv                             0x08003e25   Thumb Code     0  ddiv.o(x$fpl$ddiv)
    _ddiv                                    0x08003e25   Thumb Code   552  ddiv.o(x$fpl$ddiv)
    __aeabi_i2d                              0x080040d5   Thumb Code     0  dflt_clz.o(x$fpl$dflt)
    _dflt                                    0x080040d5   Thumb Code    46  dflt_clz.o(x$fpl$dflt)
    __aeabi_dmul                             0x08004105   Thumb Code     0  dmul.o(x$fpl$dmul)
    _dmul                                    0x08004105   Thumb Code   332  dmul.o(x$fpl$dmul)
    __fpl_dnaninf                            0x08004259   Thumb Code   156  dnaninf.o(x$fpl$dnaninf)
    __fpl_dretinf                            0x080042f5   Thumb Code    12  dretinf.o(x$fpl$dretinf)
    __aeabi_dsub                             0x08004301   Thumb Code     0  daddsub_clz.o(x$fpl$dsub)
    _dsub                                    0x08004301   Thumb Code   464  daddsub_clz.o(x$fpl$dsub)
    __aeabi_f2d                              0x080044d5   Thumb Code     0  f2d.o(x$fpl$f2d)
    _f2d                                     0x080044d5   Thumb Code    86  f2d.o(x$fpl$f2d)
    __aeabi_fadd                             0x0800452d   Thumb Code     0  faddsub_clz.o(x$fpl$fadd)
    _fadd                                    0x0800452d   Thumb Code   196  faddsub_clz.o(x$fpl$fadd)
    __fpl_fcheck_NaN1                        0x080045f1   Thumb Code     6  fcheck1.o(x$fpl$fcheck1)
    __aeabi_fdiv                             0x080045fd   Thumb Code     0  fdiv.o(x$fpl$fdiv)
    _fdiv                                    0x080045fd   Thumb Code   384  fdiv.o(x$fpl$fdiv)
    __aeabi_f2iz                             0x08004781   Thumb Code     0  ffix.o(x$fpl$ffix)
    _ffix                                    0x08004781   Thumb Code    54  ffix.o(x$fpl$ffix)
    __aeabi_i2f                              0x080047b9   Thumb Code     0  fflt_clz.o(x$fpl$fflt)
    _fflt                                    0x080047b9   Thumb Code    48  fflt_clz.o(x$fpl$fflt)
    __aeabi_fmul                             0x080047e9   Thumb Code     0  fmul.o(x$fpl$fmul)
    _fmul                                    0x080047e9   Thumb Code   258  fmul.o(x$fpl$fmul)
    __fpl_fnaninf                            0x080048eb   Thumb Code   140  fnaninf.o(x$fpl$fnaninf)
    __fpl_fretinf                            0x08004977   Thumb Code    10  fretinf.o(x$fpl$fretinf)
    __aeabi_fsub                             0x08004981   Thumb Code     0  faddsub_clz.o(x$fpl$fsub)
    _fsub                                    0x08004981   Thumb Code   234  faddsub_clz.o(x$fpl$fsub)
    _printf_fp_dec                           0x08004a6b   Thumb Code     4  printf1.o(x$fpl$printf1)
    __fpl_return_NaN                         0x08004a6f   Thumb Code   100  retnan.o(x$fpl$retnan)
    __ARM_scalbnf                            0x08004ad3   Thumb Code    76  scalbnf.o(x$fpl$scalbnf)
    __fpl_cmpreturn                          0x08004b1f   Thumb Code    48  trapv.o(x$fpl$trapveneer)
    __I$use$fp                               0x08004b4e   Number         0  usenofp.o(x$fpl$usenofp)
    AHBPrescTable                            0x08004b60   Data          16  system_stm32f1xx.o(.constdata)
    APBPrescTable                            0x08004b70   Data           8  system_stm32f1xx.o(.constdata)
    __stdin_name                             0x08004c0c   Data           4  sys_io.o(.constdata)
    __stdout_name                            0x08004c10   Data           4  sys_io.o(.constdata)
    __stderr_name                            0x08004c14   Data           4  sys_io.o(.constdata)
    Region$$Table$$Base                      0x08004c18   Number         0  anon$$obj.o(Region$$Table)
    Region$$Table$$Limit                     0x08004c38   Number         0  anon$$obj.o(Region$$Table)
    __ctype                                  0x08004c61   Data           0  lc_ctype_c.o(locale$$data)
    tick_tim5                                0x20000000   Data           1  main.o(.data)
    run                                      0x20000001   Data           1  main.o(.data)
    PreviousState                            0x20000002   Data           1  main.o(.data)
    dir                                      0x20000003   Data           1  main.o(.data)
    Rx_indx                                  0x20000004   Data           1  main.o(.data)
    CountValue                               0x20000006   Data           2  main.o(.data)
    RealVel                                  0x20000008   Data           2  main.o(.data)
    DesiredSpeed                             0x2000000a   Data           2  main.o(.data)
    pwm                                      0x2000000c   Data           2  main.o(.data)
    CntVel                                   0x2000000e   Data           2  main.o(.data)
    Rx_data                                  0x20000010   Data           2  main.o(.data)
    CurPos                                   0x20000014   Data           4  main.o(.data)
    PosCnt                                   0x20000028   Data           4  main.o(.data)
    Cnttmp                                   0x2000002c   Data           4  main.o(.data)
    DesiredPos                               0x20000030   Data           4  main.o(.data)
    CurVel                                   0x20000034   Data           4  main.o(.data)
    DesiredVel                               0x20000038   Data           4  main.o(.data)
    DesiredLength                            0x2000003c   Data           4  main.o(.data)
    CurLength                                0x20000040   Data           4  main.o(.data)
    uwTickFreq                               0x20000044   Data           1  stm32f1xx_hal.o(.data)
    uwTickPrio                               0x20000048   Data           4  stm32f1xx_hal.o(.data)
    uwTick                                   0x2000004c   Data           4  stm32f1xx_hal.o(.data)
    SystemCoreClock                          0x20000050   Data           4  system_stm32f1xx.o(.data)
    __aeabi_stdin                            0x20000054   Data           4  stdio_streams.o(.data)
    __aeabi_stdout                           0x20000058   Data           4  stdio_streams.o(.data)
    __aeabi_stderr                           0x2000005c   Data           4  stdio_streams.o(.data)
    htim3                                    0x20000060   Data          72  main.o(.bss)
    htim4                                    0x200000a8   Data          72  main.o(.bss)
    htim5                                    0x200000f0   Data          72  main.o(.bss)
    huart1                                   0x20000138   Data          72  main.o(.bss)
    Rx_Buffer                                0x20000180   Data          20  main.o(.bss)
    __stdin                                  0x20000194   Data          84  stdio_streams.o(.bss)
    __stdout                                 0x200001e8   Data          84  stdio_streams.o(.bss)
    __stderr                                 0x2000023c   Data          84  stdio_streams.o(.bss)
    __libspace_start                         0x20000290   Data          96  libspace.o(.bss)
    __temporary_stack_top$libspace           0x200002f0   Data           0  libspace.o(.bss)



==============================================================================

Memory Map of the image

  Image Entry point : 0x08000131

  Load Region LR_IROM1 (Base: 0x08000000, Size: 0x00004dc4, Max: 0x00040000, ABSOLUTE)

    Execution Region ER_IROM1 (Exec base: 0x08000000, Load base: 0x08000000, Size: 0x00004d64, Max: 0x00040000, ABSOLUTE)

    Exec Addr    Load Addr    Size         Type   Attr      Idx    E Section Name        Object

    0x08000000   0x08000000   0x00000130   Data   RO            3    RESET               startup_stm32f103xe.o
    0x08000130   0x08000130   0x00000008   Code   RO         2823  * !!!main             c_w.l(__main.o)
    0x08000138   0x08000138   0x00000034   Code   RO         3263    !!!scatter          c_w.l(__scatter.o)
    0x0800016c   0x0800016c   0x0000001a   Code   RO         3265    !!handler_copy      c_w.l(__scatter_copy.o)
    0x08000186   0x08000186   0x00000002   PAD
    0x08000188   0x08000188   0x0000001c   Code   RO         3267    !!handler_zi        c_w.l(__scatter_zi.o)
    0x080001a4   0x080001a4   0x00000000   Code   RO         2816    .ARM.Collect$$_printf_percent$$00000000  c_w.l(_printf_percent.o)
    0x080001a4   0x080001a4   0x00000006   Code   RO         2815    .ARM.Collect$$_printf_percent$$00000003  c_w.l(_printf_f.o)
    0x080001aa   0x080001aa   0x00000004   Code   RO         2883    .ARM.Collect$$_printf_percent$$00000017  c_w.l(_printf_percent_end.o)
    0x080001ae   0x080001ae   0x00000002   Code   RO         3074    .ARM.Collect$$libinit$$00000000  c_w.l(libinit.o)
    0x080001b0   0x080001b0   0x00000000   Code   RO         3076    .ARM.Collect$$libinit$$00000002  c_w.l(libinit2.o)
    0x080001b0   0x080001b0   0x00000000   Code   RO         3078    .ARM.Collect$$libinit$$00000004  c_w.l(libinit2.o)
    0x080001b0   0x080001b0   0x00000008   Code   RO         3079    .ARM.Collect$$libinit$$00000005  c_w.l(libinit2.o)
    0x080001b8   0x080001b8   0x00000000   Code   RO         3081    .ARM.Collect$$libinit$$0000000A  c_w.l(libinit2.o)
    0x080001b8   0x080001b8   0x00000000   Code   RO         3083    .ARM.Collect$$libinit$$0000000C  c_w.l(libinit2.o)
    0x080001b8   0x080001b8   0x00000000   Code   RO         3085    .ARM.Collect$$libinit$$0000000E  c_w.l(libinit2.o)
    0x080001b8   0x080001b8   0x00000006   Code   RO         3086    .ARM.Collect$$libinit$$0000000F  c_w.l(libinit2.o)
    0x080001be   0x080001be   0x00000000   Code   RO         3088    .ARM.Collect$$libinit$$00000011  c_w.l(libinit2.o)
    0x080001be   0x080001be   0x0000000c   Code   RO         3089    .ARM.Collect$$libinit$$00000012  c_w.l(libinit2.o)
    0x080001ca   0x080001ca   0x00000000   Code   RO         3090    .ARM.Collect$$libinit$$00000013  c_w.l(libinit2.o)
    0x080001ca   0x080001ca   0x00000000   Code   RO         3092    .ARM.Collect$$libinit$$00000015  c_w.l(libinit2.o)
    0x080001ca   0x080001ca   0x0000000a   Code   RO         3093    .ARM.Collect$$libinit$$00000016  c_w.l(libinit2.o)
    0x080001d4   0x080001d4   0x00000000   Code   RO         3094    .ARM.Collect$$libinit$$00000017  c_w.l(libinit2.o)
    0x080001d4   0x080001d4   0x00000000   Code   RO         3096    .ARM.Collect$$libinit$$00000019  c_w.l(libinit2.o)
    0x080001d4   0x080001d4   0x00000000   Code   RO         3098    .ARM.Collect$$libinit$$0000001B  c_w.l(libinit2.o)
    0x080001d4   0x080001d4   0x00000000   Code   RO         3100    .ARM.Collect$$libinit$$0000001D  c_w.l(libinit2.o)
    0x080001d4   0x080001d4   0x00000000   Code   RO         3102    .ARM.Collect$$libinit$$0000001F  c_w.l(libinit2.o)
    0x080001d4   0x080001d4   0x00000000   Code   RO         3104    .ARM.Collect$$libinit$$00000021  c_w.l(libinit2.o)
    0x080001d4   0x080001d4   0x00000000   Code   RO         3106    .ARM.Collect$$libinit$$00000023  c_w.l(libinit2.o)
    0x080001d4   0x080001d4   0x00000004   Code   RO         3107    .ARM.Collect$$libinit$$00000024  c_w.l(libinit2.o)
    0x080001d8   0x080001d8   0x00000000   Code   RO         3108    .ARM.Collect$$libinit$$00000025  c_w.l(libinit2.o)
    0x080001d8   0x080001d8   0x00000000   Code   RO         3112    .ARM.Collect$$libinit$$0000002C  c_w.l(libinit2.o)
    0x080001d8   0x080001d8   0x00000000   Code   RO         3114    .ARM.Collect$$libinit$$0000002E  c_w.l(libinit2.o)
    0x080001d8   0x080001d8   0x00000000   Code   RO         3116    .ARM.Collect$$libinit$$00000030  c_w.l(libinit2.o)
    0x080001d8   0x080001d8   0x00000000   Code   RO         3118    .ARM.Collect$$libinit$$00000032  c_w.l(libinit2.o)
    0x080001d8   0x080001d8   0x00000002   Code   RO         3119    .ARM.Collect$$libinit$$00000033  c_w.l(libinit2.o)
    0x080001da   0x080001da   0x00000002   Code   RO         3242    .ARM.Collect$$libshutdown$$00000000  c_w.l(libshutdown.o)
    0x080001dc   0x080001dc   0x00000000   Code   RO         3121    .ARM.Collect$$libshutdown$$00000002  c_w.l(libshutdown2.o)
    0x080001dc   0x080001dc   0x00000000   Code   RO         3123    .ARM.Collect$$libshutdown$$00000004  c_w.l(libshutdown2.o)
    0x080001dc   0x080001dc   0x00000004   Code   RO         3124    .ARM.Collect$$libshutdown$$00000005  c_w.l(libshutdown2.o)
    0x080001e0   0x080001e0   0x00000000   Code   RO         3125    .ARM.Collect$$libshutdown$$00000006  c_w.l(libshutdown2.o)
    0x080001e0   0x080001e0   0x00000000   Code   RO         3128    .ARM.Collect$$libshutdown$$00000009  c_w.l(libshutdown2.o)
    0x080001e0   0x080001e0   0x00000000   Code   RO         3131    .ARM.Collect$$libshutdown$$0000000C  c_w.l(libshutdown2.o)
    0x080001e0   0x080001e0   0x00000000   Code   RO         3133    .ARM.Collect$$libshutdown$$0000000E  c_w.l(libshutdown2.o)
    0x080001e0   0x080001e0   0x00000000   Code   RO         3136    .ARM.Collect$$libshutdown$$00000011  c_w.l(libshutdown2.o)
    0x080001e0   0x080001e0   0x00000002   Code   RO         3137    .ARM.Collect$$libshutdown$$00000012  c_w.l(libshutdown2.o)
    0x080001e2   0x080001e2   0x00000000   Code   RO         2873    .ARM.Collect$$rtentry$$00000000  c_w.l(__rtentry.o)
    0x080001e2   0x080001e2   0x00000000   Code   RO         2907    .ARM.Collect$$rtentry$$00000002  c_w.l(__rtentry2.o)
    0x080001e2   0x080001e2   0x00000006   Code   RO         2919    .ARM.Collect$$rtentry$$00000004  c_w.l(__rtentry4.o)
    0x080001e8   0x080001e8   0x00000000   Code   RO         2909    .ARM.Collect$$rtentry$$00000009  c_w.l(__rtentry2.o)
    0x080001e8   0x080001e8   0x00000004   Code   RO         2910    .ARM.Collect$$rtentry$$0000000A  c_w.l(__rtentry2.o)
    0x080001ec   0x080001ec   0x00000000   Code   RO         2912    .ARM.Collect$$rtentry$$0000000C  c_w.l(__rtentry2.o)
    0x080001ec   0x080001ec   0x00000008   Code   RO         2913    .ARM.Collect$$rtentry$$0000000D  c_w.l(__rtentry2.o)
    0x080001f4   0x080001f4   0x00000002   Code   RO         3143    .ARM.Collect$$rtexit$$00000000  c_w.l(rtexit.o)
    0x080001f6   0x080001f6   0x00000000   Code   RO         3193    .ARM.Collect$$rtexit$$00000002  c_w.l(rtexit2.o)
    0x080001f6   0x080001f6   0x00000004   Code   RO         3194    .ARM.Collect$$rtexit$$00000003  c_w.l(rtexit2.o)
    0x080001fa   0x080001fa   0x00000006   Code   RO         3195    .ARM.Collect$$rtexit$$00000004  c_w.l(rtexit2.o)
    0x08000200   0x08000200   0x00000000   Code   RO         3199    .emb_text           c_w.l(maybetermalloc1.o)
    0x08000200   0x08000200   0x00000040   Code   RO            4    .text               startup_stm32f103xe.o
    0x08000240   0x08000240   0x00000018   Code   RO         2791    .text               c_w.l(noretval__2printf.o)
    0x08000258   0x08000258   0x00000068   Code   RO         2793    .text               c_w.l(__printf.o)
    0x080002c0   0x080002c0   0x0000001a   Code   RO         2817    .text               c_w.l(atoi.o)
    0x080002da   0x080002da   0x0000004e   Code   RO         2819    .text               c_w.l(rt_memclr_w.o)
    0x08000328   0x08000328   0x00000006   Code   RO         2821    .text               c_w.l(heapauxi.o)
    0x0800032e   0x0800032e   0x00000002   PAD
    0x08000330   0x08000330   0x00000008   Code   RO         2877    .text               c_w.l(rt_errno_addr_intlibspace.o)
    0x08000338   0x08000338   0x0000041e   Code   RO         2879    .text               c_w.l(_printf_fp_dec.o)
    0x08000756   0x08000756   0x00000002   PAD
    0x08000758   0x08000758   0x00000024   Code   RO         2881    .text               c_w.l(_printf_char_file.o)
    0x0800077c   0x0800077c   0x00000070   Code   RO         2884    .text               c_w.l(strtol.o)
    0x080007ec   0x080007ec   0x00000008   Code   RO         2903    .text               c_w.l(libspace.o)
    0x080007f4   0x080007f4   0x00000010   Code   RO         2921    .text               c_w.l(rt_ctype_table.o)
    0x08000804   0x08000804   0x00000008   Code   RO         2926    .text               c_w.l(rt_locale_intlibspace.o)
    0x0800080c   0x0800080c   0x0000008a   Code   RO         2928    .text               c_w.l(lludiv10.o)
    0x08000896   0x08000896   0x00000002   PAD
    0x08000898   0x08000898   0x00000030   Code   RO         2930    .text               c_w.l(_printf_char_common.o)
    0x080008c8   0x080008c8   0x00000080   Code   RO         2932    .text               c_w.l(_printf_fp_infnan.o)
    0x08000948   0x08000948   0x0000009e   Code   RO         2934    .text               c_w.l(_strtoul.o)
    0x080009e6   0x080009e6   0x00000002   PAD
    0x080009e8   0x080009e8   0x000000e4   Code   RO         2936    .text               c_w.l(bigflt0.o)
    0x08000acc   0x08000acc   0x00000008   Code   RO         2961    .text               c_w.l(ferror.o)
    0x08000ad4   0x08000ad4   0x00000138   Code   RO         2963    .text               c_w.l(initio.o)
    0x08000c0c   0x08000c0c   0x00000066   Code   RO         2978    .text               c_w.l(sys_io.o)
    0x08000c72   0x08000c72   0x0000004a   Code   RO         2985    .text               c_w.l(sys_stackheap_outer.o)
    0x08000cbc   0x08000cbc   0x0000004e   Code   RO         2989    .text               c_w.l(h1_free.o)
    0x08000d0a   0x08000d0a   0x0000001c   Code   RO         3045    .text               c_w.l(_chval.o)
    0x08000d26   0x08000d26   0x00000046   Code   RO         3047    .text               c_w.l(setvbuf.o)
    0x08000d6c   0x08000d6c   0x000000ec   Code   RO         3050    .text               c_w.l(fopen.o)
    0x08000e58   0x08000e58   0x0000004c   Code   RO         3052    .text               c_w.l(fclose.o)
    0x08000ea4   0x08000ea4   0x00000012   Code   RO         3061    .text               c_w.l(exit.o)
    0x08000eb6   0x08000eb6   0x0000000e   Code   RO         3063    .text               c_w.l(defsig_rtred_outer.o)
    0x08000ec4   0x08000ec4   0x00000080   Code   RO         3067    .text               c_w.l(strcmpv7m.o)
    0x08000f44   0x08000f44   0x00000002   Code   RO         3140    .text               c_w.l(use_no_semi.o)
    0x08000f46   0x08000f46   0x00000000   Code   RO         3142    .text               c_w.l(indicate_semi.o)
    0x08000f46   0x08000f46   0x00000002   PAD
    0x08000f48   0x08000f48   0x00000008   Code   RO         3150    .text               c_w.l(rt_heap_descriptor_intlibspace.o)
    0x08000f50   0x08000f50   0x00000004   Code   RO         3152    .text               c_w.l(hguard.o)
    0x08000f54   0x08000f54   0x0000008a   Code   RO         3154    .text               c_w.l(init_alloc.o)
    0x08000fde   0x08000fde   0x0000005e   Code   RO         3160    .text               c_w.l(h1_alloc.o)
    0x0800103c   0x0800103c   0x000000f8   Code   RO         3174    .text               c_w.l(fseek.o)
    0x08001134   0x08001134   0x000000f0   Code   RO         3176    .text               c_w.l(stdio.o)
    0x08001224   0x08001224   0x0000000a   Code   RO         3178    .text               c_w.l(defsig_exit.o)
    0x0800122e   0x0800122e   0x00000002   PAD
    0x08001230   0x08001230   0x00000034   Code   RO         3180    .text               c_w.l(defsig_rtred_inner.o)
    0x08001264   0x08001264   0x0000003e   Code   RO         3182    .text               c_w.l(strlen.o)
    0x080012a2   0x080012a2   0x00000002   PAD
    0x080012a4   0x080012a4   0x0000000c   Code   RO         3190    .text               c_w.l(sys_exit.o)
    0x080012b0   0x080012b0   0x0000000e   Code   RO         3201    .text               c_w.l(h1_init.o)
    0x080012be   0x080012be   0x00000034   Code   RO         3203    .text               c_w.l(h1_extend.o)
    0x080012f2   0x080012f2   0x00000042   Code   RO         3209    .text               c_w.l(ftell.o)
    0x08001334   0x08001334   0x00000032   Code   RO         3213    .text               c_w.l(defsig_general.o)
    0x08001366   0x08001366   0x0000000e   Code   RO         3215    .text               c_w.l(defsig_rtmem_outer.o)
    0x08001374   0x08001374   0x0000000e   Code   RO         3228    .text               c_w.l(sys_wrch.o)
    0x08001382   0x08001382   0x00000002   PAD
    0x08001384   0x08001384   0x00000050   Code   RO         3236    .text               c_w.l(defsig_rtmem_inner.o)
    0x080013d4   0x080013d4   0x0000003e   Code   RO         2939    CL$$btod_d2e        c_w.l(btod.o)
    0x08001412   0x08001412   0x00000046   Code   RO         2941    CL$$btod_d2e_denorm_low  c_w.l(btod.o)
    0x08001458   0x08001458   0x00000060   Code   RO         2940    CL$$btod_d2e_norm_op1  c_w.l(btod.o)
    0x080014b8   0x080014b8   0x00000338   Code   RO         2949    CL$$btod_div_common  c_w.l(btod.o)
    0x080017f0   0x080017f0   0x000000dc   Code   RO         2946    CL$$btod_e2e        c_w.l(btod.o)
    0x080018cc   0x080018cc   0x0000002a   Code   RO         2943    CL$$btod_ediv       c_w.l(btod.o)
    0x080018f6   0x080018f6   0x0000002a   Code   RO         2942    CL$$btod_emul       c_w.l(btod.o)
    0x08001920   0x08001920   0x00000244   Code   RO         2948    CL$$btod_mult_common  c_w.l(btod.o)
    0x08001b64   0x08001b64   0x00000002   Code   RO          229    i.BusFault_Handler  stm32f1xx_it.o
    0x08001b66   0x08001b66   0x00000002   Code   RO          230    i.DebugMon_Handler  stm32f1xx_it.o
    0x08001b68   0x08001b68   0x00000006   Code   RO          231    i.EXTI4_IRQHandler  stm32f1xx_it.o
    0x08001b6e   0x08001b6e   0x00000006   Code   RO          232    i.EXTI9_5_IRQHandler  stm32f1xx_it.o
    0x08001b74   0x08001b74   0x00000046   Code   RO         1791    i.HAL_DMA_Abort     stm32f1xx_hal_dma.o
    0x08001bba   0x08001bba   0x00000002   PAD
    0x08001bbc   0x08001bbc   0x00000130   Code   RO         1792    i.HAL_DMA_Abort_IT  stm32f1xx_hal_dma.o
    0x08001cec   0x08001cec   0x000000a4   Code   RO           15    i.HAL_GPIO_EXTI_Callback  main.o
    0x08001d90   0x08001d90   0x00000018   Code   RO         1726    i.HAL_GPIO_EXTI_IRQHandler  stm32f1xx_hal_gpio.o
    0x08001da8   0x08001da8   0x000001f8   Code   RO         1727    i.HAL_GPIO_Init     stm32f1xx_hal_gpio.o
    0x08001fa0   0x08001fa0   0x0000000a   Code   RO         1729    i.HAL_GPIO_ReadPin  stm32f1xx_hal_gpio.o
    0x08001faa   0x08001faa   0x0000000a   Code   RO         1731    i.HAL_GPIO_WritePin  stm32f1xx_hal_gpio.o
    0x08001fb4   0x08001fb4   0x0000000c   Code   RO         1421    i.HAL_GetTick       stm32f1xx_hal.o
    0x08001fc0   0x08001fc0   0x00000010   Code   RO         1427    i.HAL_IncTick       stm32f1xx_hal.o
    0x08001fd0   0x08001fd0   0x00000024   Code   RO         1428    i.HAL_Init          stm32f1xx_hal.o
    0x08001ff4   0x08001ff4   0x00000040   Code   RO         1429    i.HAL_InitTick      stm32f1xx_hal.o
    0x08002034   0x08002034   0x0000003c   Code   RO          335    i.HAL_MspInit       stm32f1xx_hal_msp.o
    0x08002070   0x08002070   0x0000001a   Code   RO         1887    i.HAL_NVIC_EnableIRQ  stm32f1xx_hal_cortex.o
    0x0800208a   0x0800208a   0x00000002   PAD
    0x0800208c   0x0800208c   0x00000040   Code   RO         1893    i.HAL_NVIC_SetPriority  stm32f1xx_hal_cortex.o
    0x080020cc   0x080020cc   0x00000024   Code   RO         1894    i.HAL_NVIC_SetPriorityGrouping  stm32f1xx_hal_cortex.o
    0x080020f0   0x080020f0   0x0000012c   Code   RO         1585    i.HAL_RCC_ClockConfig  stm32f1xx_hal_rcc.o
    0x0800221c   0x0800221c   0x00000020   Code   RO         1592    i.HAL_RCC_GetPCLK1Freq  stm32f1xx_hal_rcc.o
    0x0800223c   0x0800223c   0x00000020   Code   RO         1593    i.HAL_RCC_GetPCLK2Freq  stm32f1xx_hal_rcc.o
    0x0800225c   0x0800225c   0x0000004c   Code   RO         1594    i.HAL_RCC_GetSysClockFreq  stm32f1xx_hal_rcc.o
    0x080022a8   0x080022a8   0x00000320   Code   RO         1597    i.HAL_RCC_OscConfig  stm32f1xx_hal_rcc.o
    0x080025c8   0x080025c8   0x00000028   Code   RO         1898    i.HAL_SYSTICK_Config  stm32f1xx_hal_cortex.o
    0x080025f0   0x080025f0   0x00000002   Code   RO         1143    i.HAL_TIMEx_BreakCallback  stm32f1xx_hal_tim_ex.o
    0x080025f2   0x080025f2   0x00000002   Code   RO         1144    i.HAL_TIMEx_CommutCallback  stm32f1xx_hal_tim_ex.o
    0x080025f4   0x080025f4   0x0000007c   Code   RO         1162    i.HAL_TIMEx_MasterConfigSynchronization  stm32f1xx_hal_tim_ex.o
    0x08002670   0x08002670   0x0000005a   Code   RO          439    i.HAL_TIM_Base_Init  stm32f1xx_hal_tim.o
    0x080026ca   0x080026ca   0x00000002   PAD
    0x080026cc   0x080026cc   0x00000064   Code   RO          337    i.HAL_TIM_Base_MspInit  stm32f1xx_hal_msp.o
    0x08002730   0x08002730   0x0000006c   Code   RO          444    i.HAL_TIM_Base_Start_IT  stm32f1xx_hal_tim.o
    0x0800279c   0x0800279c   0x000000dc   Code   RO          448    i.HAL_TIM_ConfigClockSource  stm32f1xx_hal_tim.o
    0x08002878   0x08002878   0x00000002   Code   RO          473    i.HAL_TIM_IC_CaptureCallback  stm32f1xx_hal_tim.o
    0x0800287a   0x0800287a   0x00000166   Code   RO          487    i.HAL_TIM_IRQHandler  stm32f1xx_hal_tim.o
    0x080029e0   0x080029e0   0x00000060   Code   RO          338    i.HAL_TIM_MspPostInit  stm32f1xx_hal_msp.o
    0x08002a40   0x08002a40   0x00000002   Code   RO          490    i.HAL_TIM_OC_DelayElapsedCallback  stm32f1xx_hal_tim.o
    0x08002a42   0x08002a42   0x000000cc   Code   RO          511    i.HAL_TIM_PWM_ConfigChannel  stm32f1xx_hal_tim.o
    0x08002b0e   0x08002b0e   0x0000005a   Code   RO          514    i.HAL_TIM_PWM_Init  stm32f1xx_hal_tim.o
    0x08002b68   0x08002b68   0x00000028   Code   RO          340    i.HAL_TIM_PWM_MspInit  stm32f1xx_hal_msp.o
    0x08002b90   0x08002b90   0x00000002   Code   RO          517    i.HAL_TIM_PWM_PulseFinishedCallback  stm32f1xx_hal_tim.o
    0x08002b92   0x08002b92   0x00000002   PAD
    0x08002b94   0x08002b94   0x000000b4   Code   RO          519    i.HAL_TIM_PWM_Start  stm32f1xx_hal_tim.o
    0x08002c48   0x08002c48   0x00000138   Code   RO           16    i.HAL_TIM_PeriodElapsedCallback  main.o
    0x08002d80   0x08002d80   0x00000002   Code   RO          530    i.HAL_TIM_TriggerCallback  stm32f1xx_hal_tim.o
    0x08002d82   0x08002d82   0x00000002   Code   RO         2399    i.HAL_UARTEx_RxEventCallback  stm32f1xx_hal_uart.o
    0x08002d84   0x08002d84   0x00000002   Code   RO         2413    i.HAL_UART_ErrorCallback  stm32f1xx_hal_uart.o
    0x08002d86   0x08002d86   0x00000002   PAD
    0x08002d88   0x08002d88   0x0000026c   Code   RO         2416    i.HAL_UART_IRQHandler  stm32f1xx_hal_uart.o
    0x08002ff4   0x08002ff4   0x00000064   Code   RO         2417    i.HAL_UART_Init     stm32f1xx_hal_uart.o
    0x08003058   0x08003058   0x00000080   Code   RO          342    i.HAL_UART_MspInit  stm32f1xx_hal_msp.o
    0x080030d8   0x080030d8   0x0000001c   Code   RO         2422    i.HAL_UART_Receive_IT  stm32f1xx_hal_uart.o
    0x080030f4   0x080030f4   0x00000114   Code   RO           17    i.HAL_UART_RxCpltCallback  main.o
    0x08003208   0x08003208   0x0000009a   Code   RO         2425    i.HAL_UART_Transmit  stm32f1xx_hal_uart.o
    0x080032a2   0x080032a2   0x00000002   Code   RO         2428    i.HAL_UART_TxCpltCallback  stm32f1xx_hal_uart.o
    0x080032a4   0x080032a4   0x00000002   Code   RO          233    i.HardFault_Handler  stm32f1xx_it.o
    0x080032a6   0x080032a6   0x00000002   PAD
    0x080032a8   0x080032a8   0x000000a8   Code   RO           18    i.MX_GPIO_Init      main.o
    0x08003350   0x08003350   0x00000070   Code   RO           19    i.MX_TIM3_Init      main.o
    0x080033c0   0x080033c0   0x00000068   Code   RO           20    i.MX_TIM4_Init      main.o
    0x08003428   0x08003428   0x00000068   Code   RO           21    i.MX_TIM5_Init      main.o
    0x08003490   0x08003490   0x00000002   Code   RO          234    i.MemManage_Handler  stm32f1xx_it.o
    0x08003492   0x08003492   0x00000002   Code   RO          235    i.NMI_Handler       stm32f1xx_it.o
    0x08003494   0x08003494   0x000000c4   Code   RO           22    i.PID_Controller    main.o
    0x08003558   0x08003558   0x00000002   Code   RO          236    i.PendSV_Handler    stm32f1xx_it.o
    0x0800355a   0x0800355a   0x00000002   PAD
    0x0800355c   0x0800355c   0x0000003c   Code   RO           23    i.Run_Motor         main.o
    0x08003598   0x08003598   0x00000002   Code   RO          237    i.SVC_Handler       stm32f1xx_it.o
    0x0800359a   0x0800359a   0x00000004   Code   RO          238    i.SysTick_Handler   stm32f1xx_it.o
    0x0800359e   0x0800359e   0x0000005c   Code   RO           24    i.SystemClock_Config  main.o
    0x080035fa   0x080035fa   0x00000002   Code   RO         2751    i.SystemInit        system_stm32f1xx.o
    0x080035fc   0x080035fc   0x0000000c   Code   RO          239    i.TIM4_IRQHandler   stm32f1xx_it.o
    0x08003608   0x08003608   0x0000000c   Code   RO          240    i.TIM5_IRQHandler   stm32f1xx_it.o
    0x08003614   0x08003614   0x0000008c   Code   RO          532    i.TIM_Base_SetConfig  stm32f1xx_hal_tim.o
    0x080036a0   0x080036a0   0x0000001a   Code   RO          533    i.TIM_CCxChannelCmd  stm32f1xx_hal_tim.o
    0x080036ba   0x080036ba   0x00000014   Code   RO          543    i.TIM_ETR_SetConfig  stm32f1xx_hal_tim.o
    0x080036ce   0x080036ce   0x00000010   Code   RO          544    i.TIM_ITRx_SetConfig  stm32f1xx_hal_tim.o
    0x080036de   0x080036de   0x00000002   PAD
    0x080036e0   0x080036e0   0x00000060   Code   RO          545    i.TIM_OC1_SetConfig  stm32f1xx_hal_tim.o
    0x08003740   0x08003740   0x0000006c   Code   RO          546    i.TIM_OC2_SetConfig  stm32f1xx_hal_tim.o
    0x080037ac   0x080037ac   0x00000068   Code   RO          547    i.TIM_OC3_SetConfig  stm32f1xx_hal_tim.o
    0x08003814   0x08003814   0x00000050   Code   RO          548    i.TIM_OC4_SetConfig  stm32f1xx_hal_tim.o
    0x08003864   0x08003864   0x00000022   Code   RO          550    i.TIM_TI1_ConfigInputStage  stm32f1xx_hal_tim.o
    0x08003886   0x08003886   0x00000024   Code   RO          552    i.TIM_TI2_ConfigInputStage  stm32f1xx_hal_tim.o
    0x080038aa   0x080038aa   0x00000010   Code   RO         2430    i.UART_DMAAbortOnError  stm32f1xx_hal_uart.o
    0x080038ba   0x080038ba   0x0000004e   Code   RO         2440    i.UART_EndRxTransfer  stm32f1xx_hal_uart.o
    0x08003908   0x08003908   0x000000c2   Code   RO         2442    i.UART_Receive_IT   stm32f1xx_hal_uart.o
    0x080039ca   0x080039ca   0x00000002   PAD
    0x080039cc   0x080039cc   0x000000b8   Code   RO         2443    i.UART_SetConfig    stm32f1xx_hal_uart.o
    0x08003a84   0x08003a84   0x00000036   Code   RO         2445    i.UART_Start_Receive_IT  stm32f1xx_hal_uart.o
    0x08003aba   0x08003aba   0x00000078   Code   RO         2446    i.UART_WaitOnFlagUntilTimeout  stm32f1xx_hal_uart.o
    0x08003b32   0x08003b32   0x00000002   PAD
    0x08003b34   0x08003b34   0x0000000c   Code   RO          241    i.USART1_IRQHandler  stm32f1xx_it.o
    0x08003b40   0x08003b40   0x00000002   Code   RO          242    i.UsageFault_Handler  stm32f1xx_it.o
    0x08003b42   0x08003b42   0x00000028   Code   RO         2976    i.__ARM_fpclassify  m_ws.l(fpclassify.o)
    0x08003b6a   0x08003b6a   0x00000020   Code   RO         1900    i.__NVIC_SetPriority  stm32f1xx_hal_cortex.o
    0x08003b8a   0x08003b8a   0x00000002   PAD
    0x08003b8c   0x08003b8c   0x0000001c   Code   RO           25    i.fputc             main.o
    0x08003ba8   0x08003ba8   0x00000070   Code   RO           26    i.main              main.o
    0x08003c18   0x08003c18   0x0000002c   Code   RO         2970    locale$$code        c_w.l(lc_numeric_c.o)
    0x08003c44   0x08003c44   0x0000002c   Code   RO         3059    locale$$code        c_w.l(lc_ctype_c.o)
    0x08003c70   0x08003c70   0x00000062   Code   RO         2825    x$fpl$d2f           fz_ws.l(d2f.o)
    0x08003cd2   0x08003cd2   0x00000002   PAD
    0x08003cd4   0x08003cd4   0x00000150   Code   RO         2827    x$fpl$dadd          fz_ws.l(daddsub_clz.o)
    0x08003e24   0x08003e24   0x000002b0   Code   RO         2834    x$fpl$ddiv          fz_ws.l(ddiv.o)
    0x080040d4   0x080040d4   0x0000002e   Code   RO         2838    x$fpl$dflt          fz_ws.l(dflt_clz.o)
    0x08004102   0x08004102   0x00000002   PAD
    0x08004104   0x08004104   0x00000154   Code   RO         2843    x$fpl$dmul          fz_ws.l(dmul.o)
    0x08004258   0x08004258   0x0000009c   Code   RO         2892    x$fpl$dnaninf       fz_ws.l(dnaninf.o)
    0x080042f4   0x080042f4   0x0000000c   Code   RO         2894    x$fpl$dretinf       fz_ws.l(dretinf.o)
    0x08004300   0x08004300   0x000001d4   Code   RO         2829    x$fpl$dsub          fz_ws.l(daddsub_clz.o)
    0x080044d4   0x080044d4   0x00000056   Code   RO         2845    x$fpl$f2d           fz_ws.l(f2d.o)
    0x0800452a   0x0800452a   0x00000002   PAD
    0x0800452c   0x0800452c   0x000000c4   Code   RO         2847    x$fpl$fadd          fz_ws.l(faddsub_clz.o)
    0x080045f0   0x080045f0   0x0000000c   Code   RO         2896    x$fpl$fcheck1       fz_ws.l(fcheck1.o)
    0x080045fc   0x080045fc   0x00000184   Code   RO         2854    x$fpl$fdiv          fz_ws.l(fdiv.o)
    0x08004780   0x08004780   0x00000036   Code   RO         2857    x$fpl$ffix          fz_ws.l(ffix.o)
    0x080047b6   0x080047b6   0x00000002   PAD
    0x080047b8   0x080047b8   0x00000030   Code   RO         2862    x$fpl$fflt          fz_ws.l(fflt_clz.o)
    0x080047e8   0x080047e8   0x00000102   Code   RO         2867    x$fpl$fmul          fz_ws.l(fmul.o)
    0x080048ea   0x080048ea   0x0000008c   Code   RO         2898    x$fpl$fnaninf       fz_ws.l(fnaninf.o)
    0x08004976   0x08004976   0x0000000a   Code   RO         2900    x$fpl$fretinf       fz_ws.l(fretinf.o)
    0x08004980   0x08004980   0x000000ea   Code   RO         2849    x$fpl$fsub          fz_ws.l(faddsub_clz.o)
    0x08004a6a   0x08004a6a   0x00000004   Code   RO         2869    x$fpl$printf1       fz_ws.l(printf1.o)
    0x08004a6e   0x08004a6e   0x00000064   Code   RO         2974    x$fpl$retnan        fz_ws.l(retnan.o)
    0x08004ad2   0x08004ad2   0x0000004c   Code   RO         2871    x$fpl$scalbnf       fz_ws.l(scalbnf.o)
    0x08004b1e   0x08004b1e   0x00000030   Code   RO         3138    x$fpl$trapveneer    fz_ws.l(trapv.o)
    0x08004b4e   0x08004b4e   0x00000000   Code   RO         2902    x$fpl$usenofp       fz_ws.l(usenofp.o)
    0x08004b4e   0x08004b4e   0x00000012   Data   RO         1598    .constdata          stm32f1xx_hal_rcc.o
    0x08004b60   0x08004b60   0x00000010   Data   RO         2752    .constdata          system_stm32f1xx.o
    0x08004b70   0x08004b70   0x00000008   Data   RO         2753    .constdata          system_stm32f1xx.o
    0x08004b78   0x08004b78   0x00000094   Data   RO         2937    .constdata          c_w.l(bigflt0.o)
    0x08004c0c   0x08004c0c   0x00000004   Data   RO         2979    .constdata          c_w.l(sys_io.o)
    0x08004c10   0x08004c10   0x00000004   Data   RO         2980    .constdata          c_w.l(sys_io.o)
    0x08004c14   0x08004c14   0x00000004   Data   RO         2981    .constdata          c_w.l(sys_io.o)
    0x08004c18   0x08004c18   0x00000020   Data   RO         3261    Region$$Table       anon$$obj.o
    0x08004c38   0x08004c38   0x0000001c   Data   RO         2969    locale$$data        c_w.l(lc_numeric_c.o)
    0x08004c54   0x08004c54   0x00000110   Data   RO         3058    locale$$data        c_w.l(lc_ctype_c.o)


    Execution Region RW_IRAM1 (Exec base: 0x20000000, Load base: 0x08004d64, Size: 0x000008f0, Max: 0x0000c000, ABSOLUTE)

    Exec Addr    Load Addr    Size         Type   Attr      Idx    E Section Name        Object

    0x20000000   0x08004d64   0x00000044   Data   RW           36    .data               main.o
    0x20000044   0x08004da8   0x0000000c   Data   RW         1435    .data               stm32f1xx_hal.o
    0x20000050   0x08004db4   0x00000004   Data   RW         2754    .data               system_stm32f1xx.o
    0x20000054   0x08004db8   0x00000004   Data   RW         2889    .data               c_w.l(stdio_streams.o)
    0x20000058   0x08004dbc   0x00000004   Data   RW         2890    .data               c_w.l(stdio_streams.o)
    0x2000005c   0x08004dc0   0x00000004   Data   RW         2891    .data               c_w.l(stdio_streams.o)
    0x20000060        -       0x00000134   Zero   RW           27    .bss                main.o
    0x20000194        -       0x00000054   Zero   RW         2886    .bss                c_w.l(stdio_streams.o)
    0x200001e8        -       0x00000054   Zero   RW         2887    .bss                c_w.l(stdio_streams.o)
    0x2000023c        -       0x00000054   Zero   RW         2888    .bss                c_w.l(stdio_streams.o)
    0x20000290        -       0x00000060   Zero   RW         2904    .bss                c_w.l(libspace.o)
    0x200002f0        -       0x00000200   Zero   RW            2    HEAP                startup_stm32f103xe.o
    0x200004f0        -       0x00000400   Zero   RW            1    STACK               startup_stm32f103xe.o


==============================================================================

Image component sizes


      Code (inc. data)   RO Data    RW Data    ZI Data      Debug   Object Name

      1728        204          0         68        308     496573   main.o
        64         26        304          0       1536        788   startup_stm32f103xe.o
       128         24          0         12          0       5745   stm32f1xx_hal.o
       198         14          0          0          0      28855   stm32f1xx_hal_cortex.o
       374          8          0          0          0       1763   stm32f1xx_hal_dma.o
       548         48          0          0          0       4010   stm32f1xx_hal_gpio.o
       424         60          0          0          0       3344   stm32f1xx_hal_msp.o
      1240         84         18          0          0       4972   stm32f1xx_hal_rcc.o
      1918         96          0          0          0      15188   stm32f1xx_hal_tim.o
       128         20          0          0          0       2309   stm32f1xx_hal_tim_ex.o
      1554         10          0          0          0      10568   stm32f1xx_hal_uart.o
        68         18          0          0          0       5710   stm32f1xx_it.o
         2          0         24          4          0       1047   system_stm32f1xx.o

    ----------------------------------------------------------------------
      8396        612        378         84       1844     580872   Object Totals
         0          0         32          0          0          0   (incl. Generated)
        22          0          0          0          0          0   (incl. Padding)

    ----------------------------------------------------------------------

      Code (inc. data)   RO Data    RW Data    ZI Data      Debug   Library Member Name

         8          0          0          0          0         68   __main.o
       104          0          0          0          0         84   __printf.o
         0          0          0          0          0          0   __rtentry.o
        12          0          0          0          0          0   __rtentry2.o
         6          0          0          0          0          0   __rtentry4.o
        52          8          0          0          0          0   __scatter.o
        26          0          0          0          0          0   __scatter_copy.o
        28          0          0          0          0          0   __scatter_zi.o
        28          0          0          0          0         68   _chval.o
        48          6          0          0          0         96   _printf_char_common.o
        36          4          0          0          0         80   _printf_char_file.o
         6          0          0          0          0          0   _printf_f.o
      1054          0          0          0          0        216   _printf_fp_dec.o
       128         16          0          0          0         84   _printf_fp_infnan.o
         0          0          0          0          0          0   _printf_percent.o
         4          0          0          0          0          0   _printf_percent_end.o
       158          0          0          0          0         92   _strtoul.o
        26          0          0          0          0         80   atoi.o
       228          4        148          0          0         96   bigflt0.o
      1936        128          0          0          0        672   btod.o
        10          0          0          0          0         68   defsig_exit.o
        50          0          0          0          0         88   defsig_general.o
        80         58          0          0          0         76   defsig_rtmem_inner.o
        14          0          0          0          0         80   defsig_rtmem_outer.o
        52         38          0          0          0         76   defsig_rtred_inner.o
        14          0          0          0          0         80   defsig_rtred_outer.o
        18          0          0          0          0         80   exit.o
        76          0          0          0          0         88   fclose.o
         8          0          0          0          0         68   ferror.o
       236          4          0          0          0        128   fopen.o
       248          6          0          0          0         84   fseek.o
        66          0          0          0          0         76   ftell.o
        94          0          0          0          0         80   h1_alloc.o
        52          0          0          0          0         68   h1_extend.o
        78          0          0          0          0         80   h1_free.o
        14          0          0          0          0         84   h1_init.o
         6          0          0          0          0        152   heapauxi.o
         4          0          0          0          0        136   hguard.o
         0          0          0          0          0          0   indicate_semi.o
       138          0          0          0          0        168   init_alloc.o
       312         46          0          0          0        112   initio.o
        44         10        272          0          0         76   lc_ctype_c.o
        44         10         28          0          0         76   lc_numeric_c.o
         2          0          0          0          0          0   libinit.o
        42          0          0          0          0          0   libinit2.o
         2          0          0          0          0          0   libshutdown.o
         6          0          0          0          0          0   libshutdown2.o
         8          4          0          0         96         68   libspace.o
       138          0          0          0          0         80   lludiv10.o
         0          0          0          0          0          0   maybetermalloc1.o
        24          4          0          0          0         84   noretval__2printf.o
        16          4          0          0          0         76   rt_ctype_table.o
         8          4          0          0          0         68   rt_errno_addr_intlibspace.o
         8          4          0          0          0         68   rt_heap_descriptor_intlibspace.o
         8          4          0          0          0         68   rt_locale_intlibspace.o
        78          0          0          0          0         80   rt_memclr_w.o
         2          0          0          0          0          0   rtexit.o
        10          0          0          0          0          0   rtexit2.o
        70          0          0          0          0         80   setvbuf.o
       240          6          0          0          0        156   stdio.o
         0          0          0         12        252          0   stdio_streams.o
       128          0          0          0          0         68   strcmpv7m.o
        62          0          0          0          0         76   strlen.o
       112          0          0          0          0         88   strtol.o
        12          4          0          0          0         68   sys_exit.o
       102          0         12          0          0        240   sys_io.o
        74          0          0          0          0         80   sys_stackheap_outer.o
        14          0          0          0          0         76   sys_wrch.o
         2          0          0          0          0         68   use_no_semi.o
        98          4          0          0          0         92   d2f.o
       804         16          0          0          0        272   daddsub_clz.o
       688        140          0          0          0        208   ddiv.o
        46          0          0          0          0         68   dflt_clz.o
       340         12          0          0          0        104   dmul.o
       156          4          0          0          0         92   dnaninf.o
        12          0          0          0          0         68   dretinf.o
        86          4          0          0          0         84   f2d.o
       430          8          0          0          0        168   faddsub_clz.o
        12          4          0          0          0         68   fcheck1.o
       388         76          0          0          0         96   fdiv.o
        54          4          0          0          0         84   ffix.o
        48          0          0          0          0         68   fflt_clz.o
       258          4          0          0          0         84   fmul.o
       140          4          0          0          0         84   fnaninf.o
        10          0          0          0          0         68   fretinf.o
         4          0          0          0          0         68   printf1.o
       100          0          0          0          0         68   retnan.o
        76          0          0          0          0         68   scalbnf.o
        48          0          0          0          0         68   trapv.o
         0          0          0          0          0          0   usenofp.o
        40          0          0          0          0         68   fpclassify.o

    ----------------------------------------------------------------------
     10578        652        460         12        348       7300   Library Totals
        26          0          0          0          0          0   (incl. Padding)

    ----------------------------------------------------------------------

      Code (inc. data)   RO Data    RW Data    ZI Data      Debug   Library Name

      6714        372        460         12        348       5252   c_w.l
      3798        280          0          0          0       1980   fz_ws.l
        40          0          0          0          0         68   m_ws.l

    ----------------------------------------------------------------------
     10578        652        460         12        348       7300   Library Totals

    ----------------------------------------------------------------------

==============================================================================


      Code (inc. data)   RO Data    RW Data    ZI Data      Debug   

     18974       1264        838         96       2192     579692   Grand Totals
     18974       1264        838         96       2192     579692   ELF Image Totals
     18974       1264        838         96          0          0   ROM Totals

==============================================================================

    Total RO  Size (Code + RO Data)                19812 (  19.35kB)
    Total RW  Size (RW Data + ZI Data)              2288 (   2.23kB)
    Total ROM Size (Code + RO Data + RW Data)      19908 (  19.44kB)

==============================================================================

